#
# There is insufficient memory for the Java Runtime Environment to continue.
# Native memory allocation (mmap) failed to map 76546048 bytes for G1 virtual space
# Possible reasons:
#   The system is out of physical RAM or swap space
#   The process is running with CompressedOops enabled, and the Java Heap may be blocking the growth of the native heap
# Possible solutions:
#   Reduce memory load on the system
#   Increase physical memory or swap space
#   Check if swap backing store is full
#   Decrease Java heap size (-Xmx/-Xms)
#   Decrease number of Java threads
#   Decrease Java thread stack sizes (-Xss)
#   Set larger code cache with -XX:ReservedCodeCacheSize=
#   JVM is running with Unscaled Compressed Oops mode in which the Java heap is
#     placed in the first 4GB address space. The Java Heap base address is the
#     maximum limit for the native heap growth. Please use -XX:HeapBaseMinAddress
#     to set the Java Heap base and to place the Java Heap above 4GB virtual address.
# This output file may be truncated or incomplete.
#
#  Out of Memory Error (os_windows.cpp:3535), pid=23332, tid=5576
#
# JRE version: Java(TM) SE Runtime Environment (17.0.4.1+1) (build 17.0.4.1+1-LTS-2)
# Java VM: Java HotSpot(TM) 64-Bit Server VM (17.0.4.1+1-LTS-2, mixed mode, emulated-client, sharing, tiered, compressed oops, compressed class ptrs, g1 gc, windows-amd64)
# No core dump will be written. Minidumps are not enabled by default on client versions of Windows
#

---------------  S U M M A R Y ------------

Command Line: -XX:TieredStopAtLevel=1 com.connectsphere.post.PostServiceApplication

Host: 11th Gen Intel(R) Core(TM) i5-1135G7 @ 2.40GHz, 8 cores, 7G,  Windows 11 , 64 bit Build 26100 (10.0.26100.8246)
Time: Tue May  5 15:13:48 2026 India Standard Time elapsed time: 19.410656 seconds (0d 0h 0m 19s)

---------------  T H R E A D  ---------------

Current thread (0x0000020f6bfdbaf0):  VMThread "VM Thread" [stack: 0x0000006a5ba00000,0x0000006a5bb00000] [id=5576]

Stack: [0x0000006a5ba00000,0x0000006a5bb00000]
Native frames: (J=compiled Java code, j=interpreted, Vv=VM code, C=native code)
V  [jvm.dll+0x6723ba]
V  [jvm.dll+0x7d1e34]
V  [jvm.dll+0x7d35de]
V  [jvm.dll+0x7d3c43]
V  [jvm.dll+0x243065]
V  [jvm.dll+0x66f2d9]
V  [jvm.dll+0x663c22]
V  [jvm.dll+0x3011cb]
V  [jvm.dll+0x308766]
V  [jvm.dll+0x35846e]
V  [jvm.dll+0x35869f]
V  [jvm.dll+0x2d83e8]
V  [jvm.dll+0x2d66b4]
V  [jvm.dll+0x2d5cbc]
V  [jvm.dll+0x31972b]
V  [jvm.dll+0x7d811b]
V  [jvm.dll+0x7d8e54]
V  [jvm.dll+0x7d936c]
V  [jvm.dll+0x7d9744]
V  [jvm.dll+0x7d9810]
V  [jvm.dll+0x781fca]
V  [jvm.dll+0x671245]
C  [ucrtbase.dll+0x37b0]
C  [KERNEL32.DLL+0x2e8d7]
C  [ntdll.dll+0x8c3fc]

VM_Operation (0x0000006a5cef7630): G1CollectForAllocation, mode: safepoint, requested by thread 0x0000020f6d74e780


---------------  P R O C E S S  ---------------

Threads class SMR info:
_java_thread_list=0x0000020f70fc4690, length=20, elements={
0x0000020f582e7be0, 0x0000020f6bfdf390, 0x0000020f6bfdfc50, 0x0000020f6bff5ec0,
0x0000020f6bff6780, 0x0000020f6bff7040, 0x0000020f6bff7900, 0x0000020f6bffafc0,
0x0000020f6c0058e0, 0x0000020f6ccbe830, 0x0000020f6cceedc0, 0x0000020f6ccf96f0,
0x0000020f6d74cd40, 0x0000020f6d74e780, 0x0000020f6e6b2830, 0x0000020f6e44f060,
0x0000020f6e696650, 0x0000020f6d2b87c0, 0x0000020f7116fef0, 0x0000020f712bd440
}

Java Threads: ( => current thread )
  0x0000020f582e7be0 JavaThread "main" [_thread_blocked, id=39416, stack(0x0000006a5b400000,0x0000006a5b500000)]
  0x0000020f6bfdf390 JavaThread "Reference Handler" daemon [_thread_blocked, id=39332, stack(0x0000006a5bb00000,0x0000006a5bc00000)]
  0x0000020f6bfdfc50 JavaThread "Finalizer" daemon [_thread_blocked, id=15484, stack(0x0000006a5bc00000,0x0000006a5bd00000)]
  0x0000020f6bff5ec0 JavaThread "Signal Dispatcher" daemon [_thread_blocked, id=7992, stack(0x0000006a5bd00000,0x0000006a5be00000)]
  0x0000020f6bff6780 JavaThread "Attach Listener" daemon [_thread_blocked, id=584, stack(0x0000006a5be00000,0x0000006a5bf00000)]
  0x0000020f6bff7040 JavaThread "Service Thread" daemon [_thread_blocked, id=3668, stack(0x0000006a5bf00000,0x0000006a5c000000)]
  0x0000020f6bff7900 JavaThread "Monitor Deflation Thread" daemon [_thread_blocked, id=19640, stack(0x0000006a5c000000,0x0000006a5c100000)]
  0x0000020f6bffafc0 JavaThread "C1 CompilerThread0" daemon [_thread_blocked, id=33000, stack(0x0000006a5c100000,0x0000006a5c200000)]
  0x0000020f6c0058e0 JavaThread "Sweeper thread" daemon [_thread_blocked, id=18332, stack(0x0000006a5c200000,0x0000006a5c300000)]
  0x0000020f6ccbe830 JavaThread "C1 CompilerThread1" daemon [_thread_blocked, id=27196, stack(0x0000006a5c300000,0x0000006a5c400000)]
  0x0000020f6cceedc0 JavaThread "Notification Thread" daemon [_thread_blocked, id=6200, stack(0x0000006a5c400000,0x0000006a5c500000)]
  0x0000020f6ccf96f0 JavaThread "Common-Cleaner" daemon [_thread_blocked, id=41616, stack(0x0000006a5c600000,0x0000006a5c700000)]
  0x0000020f6d74cd40 JavaThread "Thread-0" [_thread_blocked, id=34856, stack(0x0000006a5cb00000,0x0000006a5cc00000)]
  0x0000020f6d74e780 JavaThread "restartedMain" [_thread_blocked, id=42024, stack(0x0000006a5ce00000,0x0000006a5cf00000)]
  0x0000020f6e6b2830 JavaThread "Catalina-utility-1" [_thread_blocked, id=21320, stack(0x0000006a5cf00000,0x0000006a5d000000)]
  0x0000020f6e44f060 JavaThread "Catalina-utility-2" [_thread_blocked, id=5864, stack(0x0000006a5d000000,0x0000006a5d100000)]
  0x0000020f6e696650 JavaThread "container-0" [_thread_blocked, id=11176, stack(0x0000006a5d300000,0x0000006a5d400000)]
  0x0000020f6d2b87c0 JavaThread "mysql-cj-abandoned-connection-cleanup" daemon [_thread_blocked, id=18752, stack(0x0000006a5d500000,0x0000006a5d600000)]
  0x0000020f7116fef0 JavaThread "HikariPool-1 housekeeper" daemon [_thread_blocked, id=30648, stack(0x0000006a5d700000,0x0000006a5d800000)]
  0x0000020f712bd440 JavaThread "HikariPool-1 connection adder" daemon [_thread_blocked, id=41484, stack(0x0000006a5d800000,0x0000006a5d900000)]

Other Threads:
=>0x0000020f6bfdbaf0 VMThread "VM Thread" [stack: 0x0000006a5ba00000,0x0000006a5bb00000] [id=5576]
  0x0000020f6ccf12a0 WatcherThread [stack: 0x0000006a5c500000,0x0000006a5c600000] [id=2476]
  0x0000020f5834ba60 GCTaskThread "GC Thread#0" [stack: 0x0000006a5b500000,0x0000006a5b600000] [id=14896]
  0x0000020f6d59e1b0 GCTaskThread "GC Thread#1" [stack: 0x0000006a5c700000,0x0000006a5c800000] [id=42772]
  0x0000020f6d664750 GCTaskThread "GC Thread#2" [stack: 0x0000006a5c800000,0x0000006a5c900000] [id=26328]
  0x0000020f6d664a00 GCTaskThread "GC Thread#3" [stack: 0x0000006a5c900000,0x0000006a5ca00000] [id=30812]
  0x0000020f6d765350 GCTaskThread "GC Thread#4" [stack: 0x0000006a5cc00000,0x0000006a5cd00000] [id=41380]
  0x0000020f6d765600 GCTaskThread "GC Thread#5" [stack: 0x0000006a5cd00000,0x0000006a5ce00000] [id=12604]
  0x0000020f6d96f1d0 GCTaskThread "GC Thread#6" [stack: 0x0000006a5d100000,0x0000006a5d200000] [id=22208]
  0x0000020f6da4f8b0 GCTaskThread "GC Thread#7" [stack: 0x0000006a5d200000,0x0000006a5d300000] [id=25464]
  0x0000020f5835bcb0 ConcurrentGCThread "G1 Main Marker" [stack: 0x0000006a5b600000,0x0000006a5b700000] [id=32856]
  0x0000020f5835d940 ConcurrentGCThread "G1 Conc#0" [stack: 0x0000006a5b700000,0x0000006a5b800000] [id=17380]
  0x0000020f6dce2f70 ConcurrentGCThread "G1 Conc#1" [stack: 0x0000006a5d400000,0x0000006a5d500000] [id=30508]
  0x0000020f6be8c110 ConcurrentGCThread "G1 Refine#0" [stack: 0x0000006a5b800000,0x0000006a5b900000] [id=19184]
  0x0000020f6d59e460 ConcurrentGCThread "G1 Refine#1" [stack: 0x0000006a5ca00000,0x0000006a5cb00000] [id=38656]
  0x0000020f6be8c7e0 ConcurrentGCThread "G1 Service" [stack: 0x0000006a5b900000,0x0000006a5ba00000] [id=32300]

Threads with active compile tasks:

VM state: at safepoint (normal execution)

VM Mutex/Monitor currently owned by a thread:  ([mutex/lock_event])
[0x0000020f57fb5ff0] Threads_lock - owner thread: 0x0000020f6bfdbaf0
[0x0000020f582e59b0] Heap_lock - owner thread: 0x0000020f6d74e780

Heap address: 0x0000000085800000, size: 1960 MB, Compressed Oops mode: 32-bit

CDS archive(s) mapped at: [0x0000000800000000-0x0000000800bc0000-0x0000000800bc0000), size 12320768, SharedBaseAddress: 0x0000000800000000, ArchiveRelocationMode: 0.
Compressed class space mapped at: 0x0000000800c00000-0x0000000840c00000, reserved size: 1073741824
Narrow klass base: 0x0000000800000000, Narrow klass shift: 0, Narrow klass range: 0x100000000

GC Precious Log:
 CPUs: 8 total, 8 available
 Memory: 7835M
 Large Page Support: Disabled
 NUMA Support: Disabled
 Compressed Oops: Enabled (32-bit)
 Heap Region Size: 1M
 Heap Min Capacity: 8M
 Heap Initial Capacity: 124M
 Heap Max Capacity: 1960M
 Pre-touch: Disabled
 Parallel Workers: 8
 Concurrent Workers: 2
 Concurrent Refinement Workers: 8
 Periodic GC: Disabled

Heap:
 garbage-first heap   total 126976K, used 54678K [0x0000000085800000, 0x0000000100000000)
  region size 1024K, 1 young (1024K), 1 survivors (1024K)
 Metaspace       used 70927K, committed 71488K, reserved 1114112K
  class space    used 10608K, committed 10880K, reserved 1048576K

Heap Regions: E=young(eden), S=young(survivor), O=old, HS=humongous(starts), HC=humongous(continues), CS=collection set, F=free, OA=open archive, CA=closed archive, TAMS=top-at-mark-start (previous, next)
|   0|0x0000000085800000, 0x0000000085900000, 0x0000000085900000|100%|HS|  |TAMS 0x0000000085900000, 0x0000000085900000| Complete 
|   1|0x0000000085900000, 0x0000000085a00000, 0x0000000085a00000|100%|HS|  |TAMS 0x0000000085a00000, 0x0000000085a00000| Complete 
|   2|0x0000000085a00000, 0x0000000085b00000, 0x0000000085b00000|100%|HS|  |TAMS 0x0000000085b00000, 0x0000000085b00000| Complete 
|   3|0x0000000085b00000, 0x0000000085c00000, 0x0000000085c00000|100%| O|  |TAMS 0x0000000085c00000, 0x0000000085c00000| Untracked 
|   4|0x0000000085c00000, 0x0000000085d00000, 0x0000000085d00000|100%| O|  |TAMS 0x0000000085d00000, 0x0000000085d00000| Untracked 
|   5|0x0000000085d00000, 0x0000000085e00000, 0x0000000085e00000|100%| O|  |TAMS 0x0000000085e00000, 0x0000000085e00000| Untracked 
|   6|0x0000000085e00000, 0x0000000085f00000, 0x0000000085f00000|100%| O|  |TAMS 0x0000000085f00000, 0x0000000085f00000| Untracked 
|   7|0x0000000085f00000, 0x0000000086000000, 0x0000000086000000|100%| O|  |TAMS 0x0000000086000000, 0x0000000086000000| Untracked 
|   8|0x0000000086000000, 0x0000000086100000, 0x0000000086100000|100%| O|  |TAMS 0x0000000086100000, 0x0000000086100000| Untracked 
|   9|0x0000000086100000, 0x0000000086200000, 0x0000000086200000|100%| O|  |TAMS 0x0000000086200000, 0x0000000086200000| Untracked 
|  10|0x0000000086200000, 0x0000000086300000, 0x0000000086300000|100%| O|  |TAMS 0x0000000086300000, 0x0000000086300000| Untracked 
|  11|0x0000000086300000, 0x0000000086400000, 0x0000000086400000|100%| O|  |TAMS 0x0000000086400000, 0x0000000086400000| Untracked 
|  12|0x0000000086400000, 0x0000000086500000, 0x0000000086500000|100%| O|  |TAMS 0x0000000086500000, 0x0000000086500000| Untracked 
|  13|0x0000000086500000, 0x0000000086500000, 0x0000000086600000|  0%| F|  |TAMS 0x0000000086500000, 0x0000000086500000| Untracked 
|  14|0x0000000086600000, 0x0000000086700000, 0x0000000086700000|100%| O|  |TAMS 0x0000000086700000, 0x0000000086700000| Untracked 
|  15|0x0000000086700000, 0x0000000086800000, 0x0000000086800000|100%| O|  |TAMS 0x0000000086800000, 0x0000000086800000| Untracked 
|  16|0x0000000086800000, 0x0000000086900000, 0x0000000086900000|100%| O|  |TAMS 0x0000000086900000, 0x0000000086900000| Untracked 
|  17|0x0000000086900000, 0x0000000086a00000, 0x0000000086a00000|100%| O|  |TAMS 0x0000000086a00000, 0x0000000086a00000| Untracked 
|  18|0x0000000086a00000, 0x0000000086b00000, 0x0000000086b00000|100%| O|  |TAMS 0x0000000086b00000, 0x0000000086b00000| Untracked 
|  19|0x0000000086b00000, 0x0000000086c00000, 0x0000000086c00000|100%| O|  |TAMS 0x0000000086c00000, 0x0000000086c00000| Untracked 
|  20|0x0000000086c00000, 0x0000000086d00000, 0x0000000086d00000|100%| O|  |TAMS 0x0000000086d00000, 0x0000000086d00000| Untracked 
|  21|0x0000000086d00000, 0x0000000086e00000, 0x0000000086e00000|100%| O|  |TAMS 0x0000000086e00000, 0x0000000086e00000| Untracked 
|  22|0x0000000086e00000, 0x0000000086f00000, 0x0000000086f00000|100%| O|  |TAMS 0x0000000086f00000, 0x0000000086f00000| Untracked 
|  23|0x0000000086f00000, 0x0000000087000000, 0x0000000087000000|100%| O|  |TAMS 0x0000000087000000, 0x0000000087000000| Untracked 
|  24|0x0000000087000000, 0x0000000087100000, 0x0000000087100000|100%| O|  |TAMS 0x0000000087100000, 0x0000000087100000| Untracked 
|  25|0x0000000087100000, 0x0000000087200000, 0x0000000087200000|100%| O|  |TAMS 0x0000000087100000, 0x0000000087200000| Untracked 
|  26|0x0000000087200000, 0x0000000087300000, 0x0000000087300000|100%| O|  |TAMS 0x0000000087300000, 0x0000000087300000| Untracked 
|  27|0x0000000087300000, 0x0000000087400000, 0x0000000087400000|100%| O|  |TAMS 0x0000000087400000, 0x0000000087400000| Untracked 
|  28|0x0000000087400000, 0x0000000087500000, 0x0000000087500000|100%| O|  |TAMS 0x0000000087500000, 0x0000000087500000| Untracked 
|  29|0x0000000087500000, 0x0000000087600000, 0x0000000087600000|100%| O|  |TAMS 0x0000000087600000, 0x0000000087600000| Untracked 
|  30|0x0000000087600000, 0x0000000087700000, 0x0000000087700000|100%| O|  |TAMS 0x0000000087700000, 0x0000000087700000| Untracked 
|  31|0x0000000087700000, 0x0000000087800000, 0x0000000087800000|100%| O|  |TAMS 0x0000000087800000, 0x0000000087800000| Untracked 
|  32|0x0000000087800000, 0x0000000087900000, 0x0000000087900000|100%| O|  |TAMS 0x0000000087900000, 0x0000000087900000| Untracked 
|  33|0x0000000087900000, 0x0000000087a00000, 0x0000000087a00000|100%| O|  |TAMS 0x0000000087a00000, 0x0000000087a00000| Untracked 
|  34|0x0000000087a00000, 0x0000000087b00000, 0x0000000087b00000|100%| O|  |TAMS 0x0000000087b00000, 0x0000000087b00000| Untracked 
|  35|0x0000000087b00000, 0x0000000087c00000, 0x0000000087c00000|100%| O|  |TAMS 0x0000000087c00000, 0x0000000087c00000| Untracked 
|  36|0x0000000087c00000, 0x0000000087d00000, 0x0000000087d00000|100%| O|  |TAMS 0x0000000087d00000, 0x0000000087d00000| Untracked 
|  37|0x0000000087d00000, 0x0000000087e00000, 0x0000000087e00000|100%| O|  |TAMS 0x0000000087e00000, 0x0000000087e00000| Untracked 
|  38|0x0000000087e00000, 0x0000000087f00000, 0x0000000087f00000|100%| O|  |TAMS 0x0000000087f00000, 0x0000000087f00000| Untracked 
|  39|0x0000000087f00000, 0x0000000088000000, 0x0000000088000000|100%| O|  |TAMS 0x0000000088000000, 0x0000000088000000| Untracked 
|  40|0x0000000088000000, 0x0000000088100000, 0x0000000088100000|100%| O|  |TAMS 0x0000000088100000, 0x0000000088100000| Untracked 
|  41|0x0000000088100000, 0x0000000088200000, 0x0000000088200000|100%| O|  |TAMS 0x0000000088200000, 0x0000000088200000| Untracked 
|  42|0x0000000088200000, 0x0000000088300000, 0x0000000088300000|100%| O|  |TAMS 0x0000000088300000, 0x0000000088300000| Untracked 
|  43|0x0000000088300000, 0x0000000088400000, 0x0000000088400000|100%| O|  |TAMS 0x0000000088400000, 0x0000000088400000| Untracked 
|  44|0x0000000088400000, 0x0000000088500000, 0x0000000088500000|100%| O|  |TAMS 0x0000000088500000, 0x0000000088500000| Untracked 
|  45|0x0000000088500000, 0x0000000088600000, 0x0000000088600000|100%| O|  |TAMS 0x00000000885da000, 0x0000000088600000| Untracked 
|  46|0x0000000088600000, 0x0000000088700000, 0x0000000088700000|100%| O|  |TAMS 0x0000000088600000, 0x0000000088700000| Untracked 
|  47|0x0000000088700000, 0x0000000088800000, 0x0000000088800000|100%| O|  |TAMS 0x0000000088700000, 0x0000000088800000| Untracked 
|  48|0x0000000088800000, 0x0000000088900000, 0x0000000088900000|100%| O|  |TAMS 0x0000000088800000, 0x0000000088900000| Untracked 
|  49|0x0000000088900000, 0x0000000088a00000, 0x0000000088a00000|100%| O|  |TAMS 0x0000000088900000, 0x0000000088a00000| Untracked 
|  50|0x0000000088a00000, 0x0000000088b00000, 0x0000000088b00000|100%| O|  |TAMS 0x0000000088a00000, 0x0000000088b00000| Untracked 
|  51|0x0000000088b00000, 0x0000000088c00000, 0x0000000088c00000|100%| O|  |TAMS 0x0000000088b00000, 0x0000000088c00000| Untracked 
|  52|0x0000000088c00000, 0x0000000088d00000, 0x0000000088d00000|100%| O|  |TAMS 0x0000000088c00000, 0x0000000088d00000| Untracked 
|  53|0x0000000088d00000, 0x0000000088d9ea00, 0x0000000088e00000| 61%| O|  |TAMS 0x0000000088d00000, 0x0000000088d9ea00| Untracked 
|  54|0x0000000088e00000, 0x0000000088e00000, 0x0000000088f00000|  0%| F|  |TAMS 0x0000000088e00000, 0x0000000088e00000| Untracked 
|  55|0x0000000088f00000, 0x0000000088f00000, 0x0000000089000000|  0%| F|  |TAMS 0x0000000088f00000, 0x0000000088f00000| Untracked 
|  56|0x0000000089000000, 0x0000000089000000, 0x0000000089100000|  0%| F|  |TAMS 0x0000000089000000, 0x0000000089000000| Untracked 
|  57|0x0000000089100000, 0x0000000089100000, 0x0000000089200000|  0%| F|  |TAMS 0x0000000089100000, 0x0000000089100000| Untracked 
|  58|0x0000000089200000, 0x0000000089200000, 0x0000000089300000|  0%| F|  |TAMS 0x0000000089200000, 0x0000000089200000| Untracked 
|  59|0x0000000089300000, 0x0000000089300000, 0x0000000089400000|  0%| F|  |TAMS 0x0000000089300000, 0x0000000089300000| Untracked 
|  60|0x0000000089400000, 0x0000000089400000, 0x0000000089500000|  0%| F|  |TAMS 0x0000000089400000, 0x0000000089400000| Untracked 
|  61|0x0000000089500000, 0x0000000089500000, 0x0000000089600000|  0%| F|  |TAMS 0x0000000089500000, 0x0000000089500000| Untracked 
|  62|0x0000000089600000, 0x0000000089600000, 0x0000000089700000|  0%| F|  |TAMS 0x0000000089600000, 0x0000000089600000| Untracked 
|  63|0x0000000089700000, 0x0000000089700000, 0x0000000089800000|  0%| F|  |TAMS 0x0000000089700000, 0x0000000089700000| Untracked 
|  64|0x0000000089800000, 0x0000000089800000, 0x0000000089900000|  0%| F|  |TAMS 0x0000000089800000, 0x0000000089800000| Untracked 
|  65|0x0000000089900000, 0x0000000089900000, 0x0000000089a00000|  0%| F|  |TAMS 0x0000000089900000, 0x0000000089900000| Untracked 
|  66|0x0000000089a00000, 0x0000000089a00000, 0x0000000089b00000|  0%| F|  |TAMS 0x0000000089a00000, 0x0000000089a00000| Untracked 
|  67|0x0000000089b00000, 0x0000000089b00000, 0x0000000089c00000|  0%| F|  |TAMS 0x0000000089b00000, 0x0000000089b00000| Untracked 
|  68|0x0000000089c00000, 0x0000000089c00000, 0x0000000089d00000|  0%| F|  |TAMS 0x0000000089c00000, 0x0000000089c00000| Untracked 
|  69|0x0000000089d00000, 0x0000000089d00000, 0x0000000089e00000|  0%| F|  |TAMS 0x0000000089d00000, 0x0000000089d00000| Untracked 
|  70|0x0000000089e00000, 0x0000000089e00000, 0x0000000089f00000|  0%| F|  |TAMS 0x0000000089e00000, 0x0000000089e00000| Untracked 
|  71|0x0000000089f00000, 0x0000000089f00000, 0x000000008a000000|  0%| F|  |TAMS 0x0000000089f00000, 0x0000000089f00000| Untracked 
|  72|0x000000008a000000, 0x000000008a0c7130, 0x000000008a100000| 77%| S|CS|TAMS 0x000000008a000000, 0x000000008a000000| Complete 
|  73|0x000000008a100000, 0x000000008a100000, 0x000000008a200000|  0%| F|  |TAMS 0x000000008a100000, 0x000000008a100000| Untracked 
|  74|0x000000008a200000, 0x000000008a200000, 0x000000008a300000|  0%| F|  |TAMS 0x000000008a200000, 0x000000008a200000| Untracked 
|  75|0x000000008a300000, 0x000000008a300000, 0x000000008a400000|  0%| F|  |TAMS 0x000000008a300000, 0x000000008a300000| Untracked 
|  76|0x000000008a400000, 0x000000008a400000, 0x000000008a500000|  0%| F|  |TAMS 0x000000008a400000, 0x000000008a400000| Untracked 
|  77|0x000000008a500000, 0x000000008a500000, 0x000000008a600000|  0%| F|  |TAMS 0x000000008a500000, 0x000000008a500000| Untracked 
|  78|0x000000008a600000, 0x000000008a600000, 0x000000008a700000|  0%| F|  |TAMS 0x000000008a600000, 0x000000008a600000| Untracked 
|  79|0x000000008a700000, 0x000000008a700000, 0x000000008a800000|  0%| F|  |TAMS 0x000000008a700000, 0x000000008a700000| Untracked 
|  80|0x000000008a800000, 0x000000008a800000, 0x000000008a900000|  0%| F|  |TAMS 0x000000008a800000, 0x000000008a800000| Untracked 
|  81|0x000000008a900000, 0x000000008a900000, 0x000000008aa00000|  0%| F|  |TAMS 0x000000008a900000, 0x000000008a900000| Untracked 
|  82|0x000000008aa00000, 0x000000008aa00000, 0x000000008ab00000|  0%| F|  |TAMS 0x000000008aa00000, 0x000000008aa00000| Untracked 
|  83|0x000000008ab00000, 0x000000008ab00000, 0x000000008ac00000|  0%| F|  |TAMS 0x000000008ab00000, 0x000000008ab00000| Untracked 
|  84|0x000000008ac00000, 0x000000008ac00000, 0x000000008ad00000|  0%| F|  |TAMS 0x000000008ac00000, 0x000000008ac00000| Untracked 
|  85|0x000000008ad00000, 0x000000008ad00000, 0x000000008ae00000|  0%| F|  |TAMS 0x000000008ad00000, 0x000000008ad00000| Untracked 
|  86|0x000000008ae00000, 0x000000008ae00000, 0x000000008af00000|  0%| F|  |TAMS 0x000000008ae00000, 0x000000008ae00000| Untracked 
|  87|0x000000008af00000, 0x000000008af00000, 0x000000008b000000|  0%| F|  |TAMS 0x000000008af00000, 0x000000008af00000| Untracked 
|  88|0x000000008b000000, 0x000000008b000000, 0x000000008b100000|  0%| F|  |TAMS 0x000000008b000000, 0x000000008b000000| Untracked 
|  89|0x000000008b100000, 0x000000008b100000, 0x000000008b200000|  0%| F|  |TAMS 0x000000008b100000, 0x000000008b100000| Untracked 
|  90|0x000000008b200000, 0x000000008b200000, 0x000000008b300000|  0%| F|  |TAMS 0x000000008b200000, 0x000000008b200000| Untracked 
|  91|0x000000008b300000, 0x000000008b300000, 0x000000008b400000|  0%| F|  |TAMS 0x000000008b300000, 0x000000008b300000| Untracked 
|  92|0x000000008b400000, 0x000000008b400000, 0x000000008b500000|  0%| F|  |TAMS 0x000000008b400000, 0x000000008b400000| Untracked 
|  93|0x000000008b500000, 0x000000008b500000, 0x000000008b600000|  0%| F|  |TAMS 0x000000008b500000, 0x000000008b500000| Untracked 
|  94|0x000000008b600000, 0x000000008b600000, 0x000000008b700000|  0%| F|  |TAMS 0x000000008b600000, 0x000000008b600000| Untracked 
|  95|0x000000008b700000, 0x000000008b700000, 0x000000008b800000|  0%| F|  |TAMS 0x000000008b700000, 0x000000008b700000| Untracked 
|  96|0x000000008b800000, 0x000000008b800000, 0x000000008b900000|  0%| F|  |TAMS 0x000000008b800000, 0x000000008b800000| Untracked 
|  97|0x000000008b900000, 0x000000008b900000, 0x000000008ba00000|  0%| F|  |TAMS 0x000000008b900000, 0x000000008b900000| Untracked 
|  98|0x000000008ba00000, 0x000000008ba00000, 0x000000008bb00000|  0%| F|  |TAMS 0x000000008ba00000, 0x000000008ba00000| Untracked 
|  99|0x000000008bb00000, 0x000000008bb00000, 0x000000008bc00000|  0%| F|  |TAMS 0x000000008bb00000, 0x000000008bb00000| Untracked 
| 100|0x000000008bc00000, 0x000000008bc00000, 0x000000008bd00000|  0%| F|  |TAMS 0x000000008bc00000, 0x000000008bc00000| Untracked 
| 101|0x000000008bd00000, 0x000000008bd00000, 0x000000008be00000|  0%| F|  |TAMS 0x000000008bd00000, 0x000000008bd00000| Untracked 
| 102|0x000000008be00000, 0x000000008be00000, 0x000000008bf00000|  0%| F|  |TAMS 0x000000008be00000, 0x000000008be00000| Untracked 
| 103|0x000000008bf00000, 0x000000008bf00000, 0x000000008c000000|  0%| F|  |TAMS 0x000000008bf00000, 0x000000008bf00000| Untracked 
| 104|0x000000008c000000, 0x000000008c000000, 0x000000008c100000|  0%| F|  |TAMS 0x000000008c000000, 0x000000008c000000| Untracked 
| 105|0x000000008c100000, 0x000000008c100000, 0x000000008c200000|  0%| F|  |TAMS 0x000000008c100000, 0x000000008c100000| Untracked 
| 106|0x000000008c200000, 0x000000008c200000, 0x000000008c300000|  0%| F|  |TAMS 0x000000008c200000, 0x000000008c200000| Untracked 
| 107|0x000000008c300000, 0x000000008c300000, 0x000000008c400000|  0%| F|  |TAMS 0x000000008c300000, 0x000000008c300000| Untracked 
| 108|0x000000008c400000, 0x000000008c400000, 0x000000008c500000|  0%| F|  |TAMS 0x000000008c400000, 0x000000008c400000| Untracked 
| 109|0x000000008c500000, 0x000000008c500000, 0x000000008c600000|  0%| F|  |TAMS 0x000000008c500000, 0x000000008c500000| Untracked 
| 110|0x000000008c600000, 0x000000008c600000, 0x000000008c700000|  0%| F|  |TAMS 0x000000008c600000, 0x000000008c600000| Untracked 
| 111|0x000000008c700000, 0x000000008c700000, 0x000000008c800000|  0%| F|  |TAMS 0x000000008c700000, 0x000000008c700000| Untracked 
| 112|0x000000008c800000, 0x000000008c800000, 0x000000008c900000|  0%| F|  |TAMS 0x000000008c800000, 0x000000008c800000| Untracked 
| 113|0x000000008c900000, 0x000000008c900000, 0x000000008ca00000|  0%| F|  |TAMS 0x000000008c900000, 0x000000008c900000| Untracked 
| 114|0x000000008ca00000, 0x000000008ca00000, 0x000000008cb00000|  0%| F|  |TAMS 0x000000008ca00000, 0x000000008ca00000| Untracked 
| 115|0x000000008cb00000, 0x000000008cb00000, 0x000000008cc00000|  0%| F|  |TAMS 0x000000008cb00000, 0x000000008cb00000| Untracked 
| 116|0x000000008cc00000, 0x000000008cc00000, 0x000000008cd00000|  0%| F|  |TAMS 0x000000008cc00000, 0x000000008cc00000| Untracked 
| 117|0x000000008cd00000, 0x000000008cd00000, 0x000000008ce00000|  0%| F|  |TAMS 0x000000008cd00000, 0x000000008cd00000| Untracked 
| 118|0x000000008ce00000, 0x000000008ce00000, 0x000000008cf00000|  0%| F|  |TAMS 0x000000008ce00000, 0x000000008ce00000| Untracked 
| 119|0x000000008cf00000, 0x000000008cf00000, 0x000000008d000000|  0%| F|  |TAMS 0x000000008cf00000, 0x000000008cf00000| Untracked 
| 120|0x000000008d000000, 0x000000008d000000, 0x000000008d100000|  0%| F|  |TAMS 0x000000008d000000, 0x000000008d000000| Untracked 
| 121|0x000000008d100000, 0x000000008d100000, 0x000000008d200000|  0%| F|  |TAMS 0x000000008d100000, 0x000000008d100000| Untracked 
| 122|0x000000008d200000, 0x000000008d200000, 0x000000008d300000|  0%| F|  |TAMS 0x000000008d200000, 0x000000008d200000| Untracked 
| 123|0x000000008d300000, 0x000000008d300000, 0x000000008d400000|  0%| F|  |TAMS 0x000000008d300000, 0x000000008d300000| Untracked 

Card table byte_map: [0x0000020f65050000,0x0000020f65430000] _byte_map_base: 0x0000020f64c24000

Marking Bits (Prev, Next): (CMBitMap*) 0x0000020f5834bec0, (CMBitMap*) 0x0000020f5834be80
 Prev Bits: [0x0000020f676b0000, 0x0000020f69550000)
 Next Bits: [0x0000020f65810000, 0x0000020f676b0000)

Polling page: 0x0000020f583a0000

Metaspace:

Usage:
  Non-class:     58.90 MB used.
      Class:     10.36 MB used.
       Both:     69.27 MB used.

Virtual space:
  Non-class space:       64.00 MB reserved,      59.19 MB ( 92%) committed,  8 nodes.
      Class space:        1.00 GB reserved,      10.62 MB (  1%) committed,  1 nodes.
             Both:        1.06 GB reserved,      69.81 MB (  6%) committed. 

Chunk freelists:
   Non-Class:  848.00 KB
       Class:  1.38 MB
        Both:  2.20 MB

MaxMetaspaceSize: unlimited
CompressedClassSpaceSize: 1.00 GB
Initial GC threshold: 21.00 MB
Current GC threshold: 113.56 MB
CDS: on
MetaspaceReclaimPolicy: balanced
 - commit_granule_bytes: 65536.
 - commit_granule_words: 8192.
 - virtual_space_node_default_size: 1048576.
 - enlarge_chunks_in_place: 1.
 - new_chunks_are_fully_committed: 0.
 - uncommit_free_chunks: 1.
 - use_allocation_guard: 0.
 - handle_deallocations: 1.


Internal statistics:

num_allocs_failed_limit: 6.
num_arena_births: 806.
num_arena_deaths: 0.
num_vsnodes_births: 9.
num_vsnodes_deaths: 0.
num_space_committed: 1117.
num_space_uncommitted: 0.
num_chunks_returned_to_freelist: 6.
num_chunks_taken_from_freelist: 3442.
num_chunk_merges: 6.
num_chunk_splits: 2562.
num_chunks_enlarged: 2054.
num_purges: 0.
num_inconsistent_stats: 0.

CodeCache: size=49152Kb used=11406Kb max_used=11406Kb free=37745Kb
 bounds [0x0000020f61370000, 0x0000020f61ea0000, 0x0000020f64370000]
 total_blobs=6648 nmethods=5997 adapters=577
 compilation: enabled
              stopped_count=0, restarted_count=0
 full_count=0

Compilation events (20 events):
Event: 17.343 Thread 0x0000020f6bffafc0 nmethod 5988 0x0000020f61e8e610 code [0x0000020f61e8e7a0, 0x0000020f61e8e878]
Event: 17.343 Thread 0x0000020f6ccbe830 nmethod 5987 0x0000020f61e8e910 code [0x0000020f61e8eaa0, 0x0000020f61e8eb78]
Event: 17.343 Thread 0x0000020f6bffafc0 5989       1       org.antlr.v4.runtime.CodePointCharStream::mark (2 bytes)
Event: 17.343 Thread 0x0000020f6bffafc0 nmethod 5989 0x0000020f61e8ec10 code [0x0000020f61e8eda0, 0x0000020f61e8ee78]
Event: 17.343 Thread 0x0000020f6bffafc0 5990       1       org.antlr.v4.runtime.atn.ATNConfigSet::isEmpty (8 bytes)
Event: 17.344 Thread 0x0000020f6bffafc0 nmethod 5990 0x0000020f61e8ef10 code [0x0000020f61e8f0a0, 0x0000020f61e8f198]
Event: 17.358 Thread 0x0000020f6bffafc0 5991       1       org.antlr.v4.runtime.atn.LexerATNSimulator::getExistingTargetState (30 bytes)
Event: 17.358 Thread 0x0000020f6bffafc0 nmethod 5991 0x0000020f61e8f290 code [0x0000020f61e8f420, 0x0000020f61e8f578]
Event: 17.358 Thread 0x0000020f6bffafc0 5992       1       org.antlr.v4.runtime.atn.EmptyPredictionContext::size (2 bytes)
Event: 17.358 Thread 0x0000020f6bffafc0 nmethod 5992 0x0000020f61e8f690 code [0x0000020f61e8f820, 0x0000020f61e8f8f8]
Event: 17.359 Thread 0x0000020f6ccbe830 5993       1       org.antlr.v4.runtime.atn.ATNConfigSet::optimizeConfigs (71 bytes)
Event: 17.360 Thread 0x0000020f6ccbe830 nmethod 5993 0x0000020f61e8f990 code [0x0000020f61e8fb60, 0x0000020f61e8ff28]
Event: 17.360 Thread 0x0000020f6ccbe830 5994       1       org.antlr.v4.runtime.dfa.DFAState::<init> (31 bytes)
Event: 17.360 Thread 0x0000020f6ccbe830 nmethod 5994 0x0000020f61e90190 code [0x0000020f61e90340, 0x0000020f61e90548]
Event: 17.369 Thread 0x0000020f6ccbe830 5995       1       org.antlr.v4.runtime.atn.ParserATNSimulator::computeReachSet (575 bytes)
Event: 17.369 Thread 0x0000020f6bffafc0 5996       1       org.antlr.v4.runtime.atn.LexerATNSimulator::consume (49 bytes)
Event: 17.370 Thread 0x0000020f6bffafc0 nmethod 5996 0x0000020f61e90610 code [0x0000020f61e907c0, 0x0000020f61e90978]
Event: 17.370 Thread 0x0000020f6bffafc0 5997       1       org.antlr.v4.runtime.CodePointCharStream::consume (56 bytes)
Event: 17.370 Thread 0x0000020f6bffafc0 nmethod 5997 0x0000020f61e90a90 code [0x0000020f61e90c20, 0x0000020f61e90d88]
Event: 17.371 Thread 0x0000020f6ccbe830 nmethod 5995 0x0000020f61e90e10 code [0x0000020f61e912c0, 0x0000020f61e92c38]

GC Heap History (20 events):
Event: 14.748 GC heap after
{Heap after GC invocations=15 (full 0):
 garbage-first heap   total 86016K, used 40955K [0x0000000085800000, 0x0000000100000000)
  region size 1024K, 4 young (4096K), 4 survivors (4096K)
 Metaspace       used 49162K, committed 49728K, reserved 1097728K
  class space    used 7051K, committed 7296K, reserved 1048576K
}
Event: 15.281 GC heap before
{Heap before GC invocations=15 (full 0):
 garbage-first heap   total 86016K, used 65531K [0x0000000085800000, 0x0000000100000000)
  region size 1024K, 29 young (29696K), 4 survivors (4096K)
 Metaspace       used 54276K, committed 54784K, reserved 1097728K
  class space    used 7758K, committed 8000K, reserved 1048576K
}
Event: 15.285 GC heap after
{Heap after GC invocations=16 (full 0):
 garbage-first heap   total 86016K, used 42471K [0x0000000085800000, 0x0000000100000000)
  region size 1024K, 4 young (4096K), 4 survivors (4096K)
 Metaspace       used 54276K, committed 54784K, reserved 1097728K
  class space    used 7758K, committed 8000K, reserved 1048576K
}
Event: 15.802 GC heap before
{Heap before GC invocations=17 (full 0):
 garbage-first heap   total 86016K, used 67047K [0x0000000085800000, 0x0000000100000000)
  region size 1024K, 29 young (29696K), 4 survivors (4096K)
 Metaspace       used 60435K, committed 60928K, reserved 1105920K
  class space    used 8805K, committed 9024K, reserved 1048576K
}
Event: 15.807 GC heap after
{Heap after GC invocations=18 (full 0):
 garbage-first heap   total 86016K, used 43567K [0x0000000085800000, 0x0000000100000000)
  region size 1024K, 3 young (3072K), 3 survivors (3072K)
 Metaspace       used 60435K, committed 60928K, reserved 1105920K
  class space    used 8805K, committed 9024K, reserved 1048576K
}
Event: 15.834 GC heap before
{Heap before GC invocations=18 (full 0):
 garbage-first heap   total 86016K, used 44591K [0x0000000085800000, 0x0000000100000000)
  region size 1024K, 4 young (4096K), 3 survivors (3072K)
 Metaspace       used 60608K, committed 61120K, reserved 1105920K
  class space    used 8825K, committed 9088K, reserved 1048576K
}
Event: 15.837 GC heap after
{Heap after GC invocations=19 (full 0):
 garbage-first heap   total 86016K, used 43631K [0x0000000085800000, 0x0000000100000000)
  region size 1024K, 1 young (1024K), 1 survivors (1024K)
 Metaspace       used 60608K, committed 61120K, reserved 1105920K
  class space    used 8825K, committed 9088K, reserved 1048576K
}
Event: 16.457 GC heap before
{Heap before GC invocations=19 (full 0):
 garbage-first heap   total 86016K, used 68207K [0x0000000085800000, 0x0000000100000000)
  region size 1024K, 26 young (26624K), 1 survivors (1024K)
 Metaspace       used 64563K, committed 65088K, reserved 1105920K
  class space    used 9367K, committed 9600K, reserved 1048576K
}
Event: 16.460 GC heap after
{Heap after GC invocations=20 (full 0):
 garbage-first heap   total 86016K, used 45018K [0x0000000085800000, 0x0000000100000000)
  region size 1024K, 2 young (2048K), 2 survivors (2048K)
 Metaspace       used 64563K, committed 65088K, reserved 1105920K
  class space    used 9367K, committed 9600K, reserved 1048576K
}
Event: 17.029 GC heap before
{Heap before GC invocations=21 (full 0):
 garbage-first heap   total 86016K, used 68570K [0x0000000085800000, 0x0000000100000000)
  region size 1024K, 26 young (26624K), 2 survivors (2048K)
 Metaspace       used 69067K, committed 69632K, reserved 1114112K
  class space    used 10209K, committed 10496K, reserved 1048576K
}
Event: 17.033 GC heap after
{Heap after GC invocations=22 (full 0):
 garbage-first heap   total 86016K, used 46612K [0x0000000085800000, 0x0000000100000000)
  region size 1024K, 4 young (4096K), 4 survivors (4096K)
 Metaspace       used 69067K, committed 69632K, reserved 1114112K
  class space    used 10209K, committed 10496K, reserved 1048576K
}
Event: 17.056 GC heap before
{Heap before GC invocations=22 (full 0):
 garbage-first heap   total 86016K, used 47636K [0x0000000085800000, 0x0000000100000000)
  region size 1024K, 5 young (5120K), 4 survivors (4096K)
 Metaspace       used 69189K, committed 69760K, reserved 1114112K
  class space    used 10224K, committed 10496K, reserved 1048576K
}
Event: 17.060 GC heap after
{Heap after GC invocations=23 (full 0):
 garbage-first heap   total 86016K, used 46683K [0x0000000085800000, 0x0000000100000000)
  region size 1024K, 1 young (1024K), 1 survivors (1024K)
 Metaspace       used 69189K, committed 69760K, reserved 1114112K
  class space    used 10224K, committed 10496K, reserved 1048576K
}
Event: 17.121 GC heap before
{Heap before GC invocations=23 (full 0):
 garbage-first heap   total 86016K, used 70235K [0x0000000085800000, 0x0000000100000000)
  region size 1024K, 24 young (24576K), 1 survivors (1024K)
 Metaspace       used 69232K, committed 69760K, reserved 1114112K
  class space    used 10231K, committed 10496K, reserved 1048576K
}
Event: 17.124 GC heap after
{Heap after GC invocations=24 (full 0):
 garbage-first heap   total 86016K, used 50176K [0x0000000085800000, 0x0000000100000000)
  region size 1024K, 3 young (3072K), 3 survivors (3072K)
 Metaspace       used 69232K, committed 69760K, reserved 1114112K
  class space    used 10231K, committed 10496K, reserved 1048576K
}
Event: 17.241 GC heap before
{Heap before GC invocations=25 (full 0):
 garbage-first heap   total 102400K, used 69632K [0x0000000085800000, 0x0000000100000000)
  region size 1024K, 22 young (22528K), 3 survivors (3072K)
 Metaspace       used 70081K, committed 70720K, reserved 1114112K
  class space    used 10362K, committed 10688K, reserved 1048576K
}
Event: 17.245 GC heap after
{Heap after GC invocations=26 (full 0):
 garbage-first heap   total 102400K, used 54098K [0x0000000085800000, 0x0000000100000000)
  region size 1024K, 3 young (3072K), 3 survivors (3072K)
 Metaspace       used 70081K, committed 70720K, reserved 1114112K
  class space    used 10362K, committed 10688K, reserved 1048576K
}
Event: 17.297 GC heap before
{Heap before GC invocations=26 (full 0):
 garbage-first heap   total 102400K, used 56146K [0x0000000085800000, 0x0000000100000000)
  region size 1024K, 5 young (5120K), 3 survivors (3072K)
 Metaspace       used 70574K, committed 71168K, reserved 1114112K
  class space    used 10519K, committed 10816K, reserved 1048576K
}
Event: 17.299 GC heap after
{Heap after GC invocations=27 (full 0):
 garbage-first heap   total 102400K, used 54467K [0x0000000085800000, 0x0000000100000000)
  region size 1024K, 1 young (1024K), 1 survivors (1024K)
 Metaspace       used 70574K, committed 71168K, reserved 1114112K
  class space    used 10519K, committed 10816K, reserved 1048576K
}
Event: 17.391 GC heap before
{Heap before GC invocations=27 (full 0):
 garbage-first heap   total 102400K, used 81091K [0x0000000085800000, 0x0000000100000000)
  region size 1024K, 27 young (27648K), 1 survivors (1024K)
 Metaspace       used 70927K, committed 71488K, reserved 1114112K
  class space    used 10608K, committed 10880K, reserved 1048576K
}

Deoptimization events (18 events):
Event: 2.238 Thread 0x0000020f6d74e780 DEOPT PACKING pc=0x0000020f618c7f19 sp=0x0000006a5cefcc50
Event: 2.238 Thread 0x0000020f6d74e780 DEOPT UNPACKING pc=0x0000020f613c6763 sp=0x0000006a5cefc130 mode 3
Event: 2.433 Thread 0x0000020f6d74e780 DEOPT PACKING pc=0x0000020f619048d5 sp=0x0000006a5cefe000
Event: 2.433 Thread 0x0000020f6d74e780 DEOPT UNPACKING pc=0x0000020f613c6763 sp=0x0000006a5cefd4a8 mode 3
Event: 7.997 Thread 0x0000020f6d74e780 DEOPT PACKING pc=0x0000020f61c22435 sp=0x0000006a5cefd540
Event: 7.997 Thread 0x0000020f6d74e780 DEOPT UNPACKING pc=0x0000020f613c6763 sp=0x0000006a5cefcae8 mode 0
Event: 9.846 Thread 0x0000020f6d74e780 DEOPT PACKING pc=0x0000020f617d619d sp=0x0000006a5cefcd70
Event: 9.846 Thread 0x0000020f6d74e780 DEOPT UNPACKING pc=0x0000020f613c6763 sp=0x0000006a5cefc2d8 mode 3
Event: 11.554 Thread 0x0000020f6d74e780 DEOPT PACKING pc=0x0000020f61781d19 sp=0x0000006a5cefa280
Event: 11.554 Thread 0x0000020f6d74e780 DEOPT UNPACKING pc=0x0000020f613c6763 sp=0x0000006a5cef9760 mode 3
Event: 11.700 Thread 0x0000020f6e6b2830 DEOPT PACKING pc=0x0000020f618ae519 sp=0x0000006a5cffee10
Event: 11.700 Thread 0x0000020f6e6b2830 DEOPT UNPACKING pc=0x0000020f613c6763 sp=0x0000006a5cffe2b0 mode 3
Event: 11.700 Thread 0x0000020f6e6b2830 DEOPT PACKING pc=0x0000020f618a02af sp=0x0000006a5cfff0b0
Event: 11.700 Thread 0x0000020f6e6b2830 DEOPT UNPACKING pc=0x0000020f613c6763 sp=0x0000006a5cffe518 mode 3
Event: 16.470 Thread 0x0000020f6d74e780 DEOPT PACKING pc=0x0000020f618dfbaa sp=0x0000006a5cefb4c0
Event: 16.470 Thread 0x0000020f6d74e780 DEOPT UNPACKING pc=0x0000020f613c6763 sp=0x0000006a5cefa9c8 mode 3
Event: 16.471 Thread 0x0000020f6d74e780 DEOPT PACKING pc=0x0000020f618b6925 sp=0x0000006a5cefb480
Event: 16.471 Thread 0x0000020f6d74e780 DEOPT UNPACKING pc=0x0000020f613c6763 sp=0x0000006a5cefa9c8 mode 3

Classes unloaded (0 events):
No events

Classes redefined (0 events):
No events

Internal exceptions (20 events):
Event: 15.925 Thread 0x0000020f6d74e780 Exception <a 'java/lang/IncompatibleClassChangeError'{0x000000008a8fe5e8}: Found class java.lang.Object, but interface was expected> (0x000000008a8fe5e8) 
thrown [s\open\src\hotspot\share\interpreter\linkResolver.cpp, line 826]
Event: 15.959 Thread 0x0000020f6d74e780 Exception <a 'java/lang/NoSuchMethodError'{0x000000008a695b18}: 'int java.lang.invoke.DirectMethodHandle$Holder.invokeStatic(java.lang.Object, int, java.lang.Object)'> (0x000000008a695b18) 
thrown [s\open\src\hotspot\share\interpreter\linkResolver.cpp, line 759]
Event: 15.961 Thread 0x0000020f6d74e780 Exception <a 'java/lang/NoSuchMethodError'{0x000000008a6b9d60}: 'java.lang.Object java.lang.invoke.DirectMethodHandle$Holder.newInvokeSpecial(java.lang.Object, java.lang.Object, java.lang.Object, java.lang.Object, java.lang.Object, int, java.lang.Object)'> (0x000000008a6b9d60) 
thrown [s\open\src\hotspot\share\interpreter\linkResolver.cpp, line 759]
Event: 15.967 Thread 0x0000020f6d74e780 Exception <a 'java/lang/NoSuchMethodError'{0x000000008a6f7540}: 'java.lang.Object java.lang.invoke.DirectMethodHandle$Holder.newInvokeSpecial(java.lang.Object, java.lang.Object, java.lang.Object, java.lang.Object, java.lang.Object, java.lang.Object, java.lang.Object, java.lang.Object, java.lang.Object, java.lang.Object, java.lang.Object, java.lang.Object)'> (0x000000008a6f7540) 
thrown [s\open\src\hotspot\share\interpreter\linkResolver.cpp, line 759]
Event: 15.967 Thread 0x0000020f6d74e780 Exception <a 'java/lang/NoSuchMethodError'{0x000000008a6fbfd8}: 'java.lang.Object java.lang.invoke.DirectMethodHandle$Holder.invokeSpecial(java.lang.Object, java.lang.Object, java.lang.Object, java.lang.Object, java.lang.Object, java.lang.Object, java.lang.Object, java.lang.Object, java.lang.Object, java.lang.Object, java.lang.Object, java.lang.Object, java.lang.Object)'> (0x000000008a6fbfd8) 
thrown [s\open\src\hotspot\share\interpreter\linkResolver.cpp, line 759]
Event: 15.967 Thread 0x0000020f6d74e780 Exception <a 'java/lang/NoSuchMethodError'{0x000000008a500a58}: 'java.lang.Object java.lang.invoke.Invokers$Holder.linkToTargetMethod(java.lang.Object, java.lang.Object, java.lang.Object, java.lang.Object, java.lang.Object, java.lang.Object, java.lang.Object, java.lang.Object, java.lang.Object, java.lang.Object, java.lang.Object, java.lang.Object)'> (0x000000008a500a58) 
thrown [s\open\src\hotspot\share\interpreter\linkResolver.cpp, line 759]
Event: 16.011 Thread 0x0000020f6d74e780 Exception <a 'java/lang/IncompatibleClassChangeError'{0x000000008a4dd428}: Found class java.lang.Object, but interface was expected> (0x000000008a4dd428) 
thrown [s\open\src\hotspot\share\interpreter\linkResolver.cpp, line 826]
Event: 16.024 Thread 0x0000020f6d74e780 Exception <a 'java/lang/NoSuchMethodError'{0x000000008a36f4e0}: 'java.lang.Object java.lang.invoke.DirectMethodHandle$Holder.newInvokeSpecial(java.lang.Object, java.lang.Object, java.lang.Object, java.lang.Object, java.lang.Object, java.lang.Object, java.lang.Object, int)'> (0x000000008a36f4e0) 
thrown [s\open\src\hotspot\share\interpreter\linkResolver.cpp, line 759]
Event: 16.024 Thread 0x0000020f6d74e780 Exception <a 'java/lang/NoSuchMethodError'{0x000000008a3744d8}: 'java.lang.Object java.lang.invoke.DirectMethodHandle$Holder.invokeSpecial(java.lang.Object, java.lang.Object, java.lang.Object, java.lang.Object, java.lang.Object, java.lang.Object, java.lang.Object, java.lang.Object, int)'> (0x000000008a3744d8) 
thrown [s\open\src\hotspot\share\interpreter\linkResolver.cpp, line 759]
Event: 16.025 Thread 0x0000020f6d74e780 Exception <a 'java/lang/NoSuchMethodError'{0x000000008a378fa0}: 'java.lang.Object java.lang.invoke.Invokers$Holder.linkToTargetMethod(java.lang.Object, java.lang.Object, java.lang.Object, java.lang.Object, java.lang.Object, java.lang.Object, int, java.lang.Object)'> (0x000000008a378fa0) 
thrown [s\open\src\hotspot\share\interpreter\linkResolver.cpp, line 759]
Event: 16.048 Thread 0x0000020f6d74e780 Exception <a 'java/lang/NoSuchMethodError'{0x000000008a2764e0}: 'void java.lang.invoke.DirectMethodHandle$Holder.invokeInterface(java.lang.Object, java.lang.Object)'> (0x000000008a2764e0) 
thrown [s\open\src\hotspot\share\interpreter\linkResolver.cpp, line 759]
Event: 16.429 Thread 0x0000020f6d74e780 Exception <a 'java/lang/IncompatibleClassChangeError'{0x00000000893c6c30}: Found class java.lang.Object, but interface was expected> (0x00000000893c6c30) 
thrown [s\open\src\hotspot\share\interpreter\linkResolver.cpp, line 826]
Event: 16.502 Thread 0x0000020f6d74e780 Exception <a 'java/lang/IncompatibleClassChangeError'{0x000000008aab32a0}: Found class java.lang.Object, but interface was expected> (0x000000008aab32a0) 
thrown [s\open\src\hotspot\share\interpreter\linkResolver.cpp, line 826]
Event: 16.667 Thread 0x0000020f6d74e780 Exception <a 'java/lang/IncompatibleClassChangeError'{0x000000008a242b98}: Found class java.lang.Object, but interface was expected> (0x000000008a242b98) 
thrown [s\open\src\hotspot\share\interpreter\linkResolver.cpp, line 826]
Event: 16.734 Thread 0x0000020f6d74e780 Exception <a 'java/lang/reflect/InvocationTargetException'{0x0000000089f08998}> (0x0000000089f08998) 
thrown [s\open\src\hotspot\share\runtime\reflection.cpp, line 1121]
Event: 16.749 Thread 0x0000020f6d74e780 Exception <a 'java/lang/NoSuchMethodError'{0x0000000089f73558}: 'int java.lang.invoke.DirectMethodHandle$Holder.invokeStatic(java.lang.Object, java.lang.Object, int)'> (0x0000000089f73558) 
thrown [s\open\src\hotspot\share\interpreter\linkResolver.cpp, line 759]
Event: 16.756 Thread 0x0000020f6d74e780 Exception <a 'java/lang/IncompatibleClassChangeError'{0x0000000089fb9b38}: Found class java.lang.Object, but interface was expected> (0x0000000089fb9b38) 
thrown [s\open\src\hotspot\share\interpreter\linkResolver.cpp, line 826]
Event: 16.757 Thread 0x0000020f6d74e780 Exception <a 'java/lang/IncompatibleClassChangeError'{0x0000000089fc03e8}: Found class java.lang.Object, but interface was expected> (0x0000000089fc03e8) 
thrown [s\open\src\hotspot\share\interpreter\linkResolver.cpp, line 826]
Event: 16.822 Thread 0x0000020f6d74e780 Exception <a 'java/lang/NoSuchMethodError'{0x0000000089dcb510}: 'java.lang.Object java.lang.invoke.DirectMethodHandle$Holder.invokeStatic(java.lang.Object, int, java.lang.Object)'> (0x0000000089dcb510) 
thrown [s\open\src\hotspot\share\interpreter\linkResolver.cpp, line 759]
Event: 16.833 Thread 0x0000020f6d74e780 Exception <a 'java/lang/reflect/InvocationTargetException'{0x0000000089c398d0}> (0x0000000089c398d0) 
thrown [s\open\src\hotspot\share\runtime\reflection.cpp, line 1121]

VM Operations (20 events):
Event: 17.014 Executing VM operation: HandshakeAllThreads done
Event: 17.017 Executing VM operation: HandshakeAllThreads
Event: 17.017 Executing VM operation: HandshakeAllThreads done
Event: 17.029 Executing VM operation: G1CollectForAllocation
Event: 17.033 Executing VM operation: G1CollectForAllocation done
Event: 17.056 Executing VM operation: G1CollectForAllocation
Event: 17.060 Executing VM operation: G1CollectForAllocation done
Event: 17.085 Executing VM operation: HandshakeAllThreads
Event: 17.085 Executing VM operation: HandshakeAllThreads done
Event: 17.120 Executing VM operation: G1CollectForAllocation
Event: 17.124 Executing VM operation: G1CollectForAllocation done
Event: 17.157 Executing VM operation: G1Concurrent
Event: 17.162 Executing VM operation: G1Concurrent done
Event: 17.181 Executing VM operation: G1Concurrent
Event: 17.181 Executing VM operation: G1Concurrent done
Event: 17.240 Executing VM operation: G1CollectForAllocation
Event: 17.245 Executing VM operation: G1CollectForAllocation done
Event: 17.297 Executing VM operation: G1CollectForAllocation
Event: 17.299 Executing VM operation: G1CollectForAllocation done
Event: 17.391 Executing VM operation: G1CollectForAllocation

Events (20 events):
Event: 16.676 loading class java/lang/Package$1PackageInfoProxy
Event: 16.676 loading class java/lang/Package$1PackageInfoProxy done
Event: 16.699 loading class java/util/stream/ReduceOps$5
Event: 16.699 loading class java/util/stream/ReduceOps$5 done
Event: 16.699 loading class java/util/stream/ReduceOps$CountingSink$OfRef
Event: 16.700 loading class java/util/stream/ReduceOps$CountingSink
Event: 16.700 loading class java/util/stream/ReduceOps$CountingSink done
Event: 16.700 loading class java/util/stream/ReduceOps$CountingSink$OfRef done
Event: 16.795 loading class java/util/regex/Pattern$SliceU
Event: 16.795 loading class java/util/regex/Pattern$SliceU done
Event: 16.795 loading class java/util/regex/Pattern$Bound
Event: 16.796 loading class java/util/regex/Pattern$Bound done
Event: 16.797 loading class java/util/regex/Pattern$Behind
Event: 16.797 loading class java/util/regex/Pattern$Behind done
Event: 16.861 loading class java/util/EmptyStackException
Event: 16.862 loading class java/util/EmptyStackException done
Event: 17.001 loading class java/io/InvalidClassException
Event: 17.001 loading class java/io/InvalidClassException done
Event: 17.013 loading class java/util/ArrayList$ListItr
Event: 17.013 loading class java/util/ArrayList$ListItr done


Dynamic libraries:
0x00007ff794430000 - 0x00007ff794440000 	C:\Users\soumy\Java\jdk-17.0.4.1\bin\java.exe
0x00007ff99e900000 - 0x00007ff99eb67000 	C:\WINDOWS\SYSTEM32\ntdll.dll
0x00007ff99d5a0000 - 0x00007ff99d669000 	C:\WINDOWS\System32\KERNEL32.DLL
0x00007ff99c1e0000 - 0x00007ff99c5d4000 	C:\WINDOWS\System32\KERNELBASE.dll
0x00007ff99b620000 - 0x00007ff99b76b000 	C:\WINDOWS\System32\ucrtbase.dll
0x00007ff95c220000 - 0x00007ff95c23a000 	C:\Users\soumy\Java\jdk-17.0.4.1\bin\VCRUNTIME140.dll
0x00007ff95c240000 - 0x00007ff95c258000 	C:\Users\soumy\Java\jdk-17.0.4.1\bin\jli.dll
0x00007ff99dde0000 - 0x00007ff99de96000 	C:\WINDOWS\System32\ADVAPI32.dll
0x00007ff99d0d0000 - 0x00007ff99d179000 	C:\WINDOWS\System32\msvcrt.dll
0x00007ff99d280000 - 0x00007ff99d327000 	C:\WINDOWS\System32\sechost.dll
0x00007ff99e710000 - 0x00007ff99e828000 	C:\WINDOWS\System32\RPCRT4.dll
0x00007ff99c690000 - 0x00007ff99c855000 	C:\WINDOWS\System32\USER32.dll
0x00007ff99b280000 - 0x00007ff99b2a7000 	C:\WINDOWS\System32\win32u.dll
0x00007ff99d520000 - 0x00007ff99d54b000 	C:\WINDOWS\System32\GDI32.dll
0x00007ff99b4f0000 - 0x00007ff99b61b000 	C:\WINDOWS\System32\gdi32full.dll
0x00007ff99c5e0000 - 0x00007ff99c683000 	C:\WINDOWS\System32\msvcp_win.dll
0x00007ff97b0f0000 - 0x00007ff97b383000 	C:\WINDOWS\WinSxS\amd64_microsoft.windows.common-controls_6595b64144ccf1df_6.0.26100.8115_none_3e075c82e3354f9c\COMCTL32.dll
0x00007ff9875c0000 - 0x00007ff9875cb000 	C:\WINDOWS\SYSTEM32\VERSION.dll
0x00007ff99e230000 - 0x00007ff99e262000 	C:\WINDOWS\System32\IMM32.DLL
0x00007ff98f140000 - 0x00007ff98f14c000 	C:\Users\soumy\Java\jdk-17.0.4.1\bin\vcruntime140_1.dll
0x00007ff9364a0000 - 0x00007ff93652d000 	C:\Users\soumy\Java\jdk-17.0.4.1\bin\msvcp140.dll
0x00007ff9028b0000 - 0x00007ff903472000 	C:\Users\soumy\Java\jdk-17.0.4.1\bin\server\jvm.dll
0x00007ff99d330000 - 0x00007ff99d338000 	C:\WINDOWS\System32\PSAPI.DLL
0x00007ff9928e0000 - 0x00007ff9928ea000 	C:\WINDOWS\SYSTEM32\WSOCK32.dll
0x00007ff9926f0000 - 0x00007ff992726000 	C:\WINDOWS\SYSTEM32\WINMM.dll
0x00007ff99e830000 - 0x00007ff99e8b0000 	C:\WINDOWS\System32\WS2_32.dll
0x00007ff999f60000 - 0x00007ff999f7b000 	C:\WINDOWS\SYSTEM32\kernel.appcore.dll
0x00007ff962e30000 - 0x00007ff962e3a000 	C:\Users\soumy\Java\jdk-17.0.4.1\bin\jimage.dll
0x00007ff998590000 - 0x00007ff9987d2000 	C:\WINDOWS\SYSTEM32\DBGHELP.DLL
0x00007ff99dea0000 - 0x00007ff99e222000 	C:\WINDOWS\System32\combase.dll
0x00007ff99e620000 - 0x00007ff99e6f8000 	C:\WINDOWS\System32\OLEAUT32.dll
0x00007ff975e00000 - 0x00007ff975e3b000 	C:\WINDOWS\SYSTEM32\dbgcore.DLL
0x00007ff99b1d0000 - 0x00007ff99b275000 	C:\WINDOWS\System32\bcryptPrimitives.dll
0x00007ff95ad80000 - 0x00007ff95ada5000 	C:\Users\soumy\Java\jdk-17.0.4.1\bin\java.dll
0x00007ff9360b0000 - 0x00007ff936186000 	C:\Users\soumy\Java\jdk-17.0.4.1\bin\jsvml.dll
0x00007ff99d670000 - 0x00007ff99ddd7000 	C:\WINDOWS\System32\SHELL32.dll
0x00007ff99c070000 - 0x00007ff99c1da000 	C:\WINDOWS\System32\wintypes.dll
0x00007ff99b800000 - 0x00007ff99c068000 	C:\WINDOWS\System32\windows.storage.dll
0x00007ff99e460000 - 0x00007ff99e558000 	C:\WINDOWS\System32\SHCORE.dll
0x00007ff99ca20000 - 0x00007ff99ca86000 	C:\WINDOWS\System32\shlwapi.dll
0x00007ff99b0f0000 - 0x00007ff99b119000 	C:\WINDOWS\SYSTEM32\profapi.dll
0x00007ff95b5f0000 - 0x00007ff95b609000 	C:\Users\soumy\Java\jdk-17.0.4.1\bin\net.dll
0x00007ff9925c0000 - 0x00007ff9926ed000 	C:\WINDOWS\SYSTEM32\WINHTTP.dll
0x00007ff99a4d0000 - 0x00007ff99a53c000 	C:\WINDOWS\system32\mswsock.dll
0x00007ff958890000 - 0x00007ff9588a6000 	C:\Users\soumy\Java\jdk-17.0.4.1\bin\nio.dll
0x00007ff94bd40000 - 0x00007ff94bd58000 	C:\Users\soumy\Java\jdk-17.0.4.1\bin\zip.dll
0x00007ff962570000 - 0x00007ff962579000 	C:\Users\soumy\Java\jdk-17.0.4.1\bin\management.dll
0x00007ff962160000 - 0x00007ff96216b000 	C:\Users\soumy\Java\jdk-17.0.4.1\bin\management_ext.dll
0x00007ff9999d0000 - 0x00007ff999a02000 	C:\WINDOWS\SYSTEM32\IPHLPAPI.DLL
0x00007ff99c990000 - 0x00007ff99c99a000 	C:\WINDOWS\System32\NSI.dll
0x00007ff993fb0000 - 0x00007ff993fcd000 	C:\WINDOWS\SYSTEM32\dhcpcsvc6.DLL
0x00007ff992730000 - 0x00007ff992755000 	C:\WINDOWS\SYSTEM32\dhcpcsvc.DLL
0x00007ff999a10000 - 0x00007ff999b42000 	C:\WINDOWS\SYSTEM32\DNSAPI.dll
0x00007ff98dd00000 - 0x00007ff98dd0b000 	C:\Windows\System32\rasadhlp.dll
0x00007ff994f00000 - 0x00007ff994f86000 	C:\WINDOWS\System32\fwpuclnt.dll
0x00007ff962ba0000 - 0x00007ff962bae000 	C:\Users\soumy\Java\jdk-17.0.4.1\bin\sunmscapi.dll
0x00007ff99b370000 - 0x00007ff99b4e7000 	C:\WINDOWS\System32\CRYPT32.dll
0x00007ff99a9d0000 - 0x00007ff99aa00000 	C:\WINDOWS\SYSTEM32\ncrypt.dll
0x00007ff99a980000 - 0x00007ff99a9bf000 	C:\WINDOWS\SYSTEM32\NTASN1.dll
0x00007ff99a7b0000 - 0x00007ff99a7cb000 	C:\WINDOWS\SYSTEM32\CRYPTSP.dll
0x00007ff999ec0000 - 0x00007ff999ef9000 	C:\WINDOWS\system32\rsaenh.dll
0x00007ff99a580000 - 0x00007ff99a5b3000 	C:\WINDOWS\SYSTEM32\USERENV.dll
0x00007ff99b0c0000 - 0x00007ff99b0ea000 	C:\WINDOWS\SYSTEM32\bcrypt.dll
0x00007ff99a7d0000 - 0x00007ff99a7dc000 	C:\WINDOWS\SYSTEM32\CRYPTBASE.dll
0x00007ff9937d0000 - 0x00007ff9937e0000 	C:\Users\soumy\Java\jdk-17.0.4.1\bin\verify.dll

dbghelp: loaded successfully - version: 4.0.5 - missing functions: none
symbol engine: initialized successfully - sym options: 0x614 - pdb path: .;C:\Users\soumy\Java\jdk-17.0.4.1\bin;C:\WINDOWS\SYSTEM32;C:\WINDOWS\WinSxS\amd64_microsoft.windows.common-controls_6595b64144ccf1df_6.0.26100.8115_none_3e075c82e3354f9c;C:\Users\soumy\Java\jdk-17.0.4.1\bin\server

VM Arguments:
jvm_args: -XX:TieredStopAtLevel=1 
java_command: com.connectsphere.post.PostServiceApplication
java_class_path (initial): C:\Users\soumy\OneDrive\Desktop\ConnectSphere_WorkSpace\ConnectSphere-Backend\post-service\target\classes;C:\Users\soumy\.m2\repository\ch\qos\logback\logback-classic\1.5.18\logback-classic-1.5.18.jar;C:\Users\soumy\.m2\repository\ch\qos\logback\logback-core\1.5.18\logback-core-1.5.18.jar;C:\Users\soumy\.m2\repository\org\apache\logging\log4j\log4j-to-slf4j\2.24.3\log4j-to-slf4j-2.24.3.jar;C:\Users\soumy\.m2\repository\org\apache\logging\log4j\log4j-api\2.24.3\log4j-api-2.24.3.jar;C:\Users\soumy\.m2\repository\org\slf4j\jul-to-slf4j\2.0.17\jul-to-slf4j-2.0.17.jar;C:\Users\soumy\.m2\repository\jakarta\annotation\jakarta.annotation-api\2.1.1\jakarta.annotation-api-2.1.1.jar;C:\Users\soumy\.m2\repository\org\yaml\snakeyaml\2.3\snakeyaml-2.3.jar;C:\Users\soumy\.m2\repository\com\fasterxml\jackson\core\jackson-databind\2.18.3\jackson-databind-2.18.3.jar;C:\Users\soumy\.m2\repository\com\fasterxml\jackson\datatype\jackson-datatype-jdk8\2.18.3\jackson-datatype-jdk8-2.18.3.jar;C:\Users\soumy\.m2\repository\com\fasterxml\jackson\datatype\jackson-datatype-jsr310\2.18.3\jackson-datatype-jsr310-2.18.3.jar;C:\Users\soumy\.m2\repository\com\fasterxml\jackson\module\jackson-module-parameter-names\2.18.3\jackson-module-parameter-names-2.18.3.jar;C:\Users\soumy\.m2\repository\org\apache\tomcat\embed\tomcat-embed-core\10.1.39\tomcat-embed-core-10.1.39.jar;C:\Users\soumy\.m2\repository\org\apache\tomcat\embed\tomcat-embed-websocket\10.1.39\tomcat-embed-websocket-10.1.39.jar;C:\Users\soumy\.m2\repository\org\springframework\spring-web\6.2.5\spring-web-6.2.5.jar;C:\Users\soumy\.m2\repository\org\springframework\spring-beans\6.2.5\spring-beans-6.2.5.jar;C:\Users\soumy\.m2\repository\org\springframework\spring-webmvc\6.2.5\spring-webmvc-6.2.5.jar;C:\Users\soumy\.m2\repository\org\springframework\spring-aop\6.2.5\spring-aop-6.2.5.jar;C:\Users\soumy\.m2\repository\org\springframework\spring-expression\6.2.5\spring-expression-6.2.5.jar;C:\Users\soumy\.m2\reposito
Launcher Type: SUN_STANDARD

[Global flags]
     intx CICompilerCount                          = 4                                         {product} {ergonomic}
     uint ConcGCThreads                            = 2                                         {product} {ergonomic}
     uint G1ConcRefinementThreads                  = 8                                         {product} {ergonomic}
   size_t G1HeapRegionSize                         = 1048576                                   {product} {ergonomic}
    uintx GCDrainStackTargetSize                   = 64                                        {product} {ergonomic}
   size_t InitialHeapSize                          = 130023424                                 {product} {ergonomic}
   size_t MarkStackSize                            = 4194304                                   {product} {ergonomic}
   size_t MaxHeapSize                              = 2055208960                                {product} {ergonomic}
   size_t MaxNewSize                               = 1233125376                                {product} {ergonomic}
   size_t MinHeapDeltaBytes                        = 1048576                                   {product} {ergonomic}
   size_t MinHeapSize                              = 8388608                                   {product} {ergonomic}
    uintx NonProfiledCodeHeapSize                  = 0                                      {pd product} {ergonomic}
     bool ProfileInterpreter                       = false                                  {pd product} {command line}
    uintx ProfiledCodeHeapSize                     = 0                                      {pd product} {ergonomic}
   size_t SoftMaxHeapSize                          = 2055208960                             {manageable} {ergonomic}
     intx TieredStopAtLevel                        = 1                                         {product} {command line}
     bool UseCompressedClassPointers               = true                           {product lp64_product} {ergonomic}
     bool UseCompressedOops                        = true                           {product lp64_product} {ergonomic}
     bool UseG1GC                                  = true                                      {product} {ergonomic}
     bool UseLargePagesIndividualAllocation        = false                                  {pd product} {ergonomic}

Logging:
Log output configuration:
 #0: stdout all=warning uptime,level,tags
 #1: stderr all=off uptime,level,tags

Environment Variables:
JAVA_HOME=C:\Users\soumy\Java\jdk-17.0.4.1
PATH=C:\Python314\Scripts\;C:\Python314\;C:\Program Files\Common Files\Oracle\Java\javapath;C:\Program Files (x86)\Common Files\Oracle\Java\java8path;C:\Program Files (x86)\Common Files\Oracle\Java\javapath;C:\ProgramData\Oracle\Java\javapath;C:\WINDOWS\system32;C:\WINDOWS;C:\WINDOWS\System32\Wbem;C:\WINDOWS\System32\WindowsPowerShell\v1.0\;C:\WINDOWS\System32\OpenSSH\;C:\Program Files\Java\jdk-19\bin;C:\MinGW\bin;C:\Users\soumy\Java\jdk-17.0.4.1\bin;C:\Users\HP\Downloads\python-3.12.3-amd64.exe;C:\Program Files\nodejs\;C:\ProgramData\chocolatey\bin;C:\Users\soumy\apache-maven\apache-maven-3.9.14\bin;;C:\Program Files\Docker\Docker\resources\bin;C:\Users\soumy\AppData\Local\Programs\Eclipse Adoptium\jdk-25.0.1.8-hotspot\bin;C:\Users\soumy\AppData\Local\Microsoft\WindowsApps;C:\Users\soumy\AppData\Local\Programs\Microsoft VS Code\bin;C:\Users\soumy\AppData\Local\GitHubDesktop\bin;C:\Users\soumy\AppData\Local\Programs\Git\cmd;C:\Users\soumy\AppData\Roaming\npm;C:\Users\soumy\AppData\Local\Programs\Antigravity\bin
USERNAME=soumy
LANG=en_US.UTF-8
OS=Windows_NT
PROCESSOR_IDENTIFIER=Intel64 Family 6 Model 140 Stepping 1, GenuineIntel



---------------  S Y S T E M  ---------------

OS:
 Windows 11 , 64 bit Build 26100 (10.0.26100.8246)
OS uptime: 6 days 23:15 hours
Hyper-V role detected

CPU: total 8 (initial active 8) (4 cores per cpu, 2 threads per core) family 6 model 140 stepping 1 microcode 0xb4, cx8, cmov, fxsr, ht, mmx, 3dnowpref, sse, sse2, sse3, ssse3, sse4.1, sse4.2, popcnt, lzcnt, tsc, tscinvbit, avx, avx2, aes, erms, clmul, bmi1, bmi2, adx, avx512f, avx512dq, avx512cd, avx512bw, avx512vl, sha, fma, vzeroupper, avx512_vpopcntdq, avx512_vpclmulqdq, avx512_vaes, avx512_vnni, clflush, clflushopt, clwb, avx512_vbmi2, avx512_vbmi, hv

Memory: 4k page, system-wide physical 7835M (377M free)
TotalPageFile size 31387M (AvailPageFile size 4M)
current process WorkingSet (physical memory assigned to process): 226M, peak: 229M
current process commit charge ("private bytes"): 325M, peak: 398M

vm_info: Java HotSpot(TM) 64-Bit Server VM (17.0.4.1+1-LTS-2) for windows-amd64 JRE (17.0.4.1+1-LTS-2), built on Aug 16 2022 18:32:06 by "mach5one" with MS VC++ 16.8 / 16.9 (VS2019)

END.
