#
# There is insufficient memory for the Java Runtime Environment to continue.
# Native memory allocation (malloc) failed to allocate 32744 bytes for ChunkPool::allocate
# Possible reasons:
#   The system is out of physical RAM or swap space
#   The process is running with CompressedOops enabled, and the Java Heap may be blocking the growth of the native heap
# Possible solutions:
#   Reduce memory load on the system
#   Increase physical memory or swap space
#   Check if swap backing store is full
#   Decrease Java heap size (-Xmx/-Xms)
#   Decrease number of Java threads
#   Decrease Java thread stack sizes (-Xss)
#   Set larger code cache with -XX:ReservedCodeCacheSize=
#   JVM is running with Unscaled Compressed Oops mode in which the Java heap is
#     placed in the first 4GB address space. The Java Heap base address is the
#     maximum limit for the native heap growth. Please use -XX:HeapBaseMinAddress
#     to set the Java Heap base and to place the Java Heap above 4GB virtual address.
# This output file may be truncated or incomplete.
#
#  Out of Memory Error (arena.cpp:78), pid=14576, tid=32372
#
# JRE version: Java(TM) SE Runtime Environment (17.0.4.1+1) (build 17.0.4.1+1-LTS-2)
# Java VM: Java HotSpot(TM) 64-Bit Server VM (17.0.4.1+1-LTS-2, mixed mode, emulated-client, sharing, tiered, compressed oops, compressed class ptrs, g1 gc, windows-amd64)
# No core dump will be written. Minidumps are not enabled by default on client versions of Windows
#

---------------  S U M M A R Y ------------

Command Line: -XX:TieredStopAtLevel=1 com.connectsphere.follow.FollowServiceApplication

Host: 11th Gen Intel(R) Core(TM) i5-1135G7 @ 2.40GHz, 8 cores, 7G,  Windows 11 , 64 bit Build 26100 (10.0.26100.8246)
Time: Tue May  5 15:16:58 2026 India Standard Time elapsed time: 412.812006 seconds (0d 0h 6m 52s)

---------------  T H R E A D  ---------------

Current thread (0x000001a69fa590c0):  JavaThread "C1 CompilerThread0" daemon [_thread_in_native, id=32372, stack(0x0000007068700000,0x0000007068800000)]


Current CompileTask:
C1: 412812 7954   !   1       org.apache.coyote.AbstractProcessor::action (1115 bytes)

Stack: [0x0000007068700000,0x0000007068800000]
Native frames: (J=compiled Java code, j=interpreted, Vv=VM code, C=native code)
V  [jvm.dll+0x6723ba]
V  [jvm.dll+0x7d1e34]
V  [jvm.dll+0x7d35de]
V  [jvm.dll+0x7d3c43]
V  [jvm.dll+0x243065]
V  [jvm.dll+0xaa7c0]
V  [jvm.dll+0xaab0c]
V  [jvm.dll+0x11a715]
V  [jvm.dll+0x17ef86]
V  [jvm.dll+0x18c61e]
V  [jvm.dll+0x131f9d]
V  [jvm.dll+0x132200]
V  [jvm.dll+0x1324c6]
V  [jvm.dll+0x13195a]
V  [jvm.dll+0x133621]
V  [jvm.dll+0x224e08]
V  [jvm.dll+0x222f75]
V  [jvm.dll+0x787a0b]
V  [jvm.dll+0x781fca]
V  [jvm.dll+0x671245]
C  [ucrtbase.dll+0x37b0]
C  [KERNEL32.DLL+0x2e8d7]
C  [ntdll.dll+0x8c3fc]


---------------  P R O C E S S  ---------------

Threads class SMR info:
_java_thread_list=0x000001a6a6aad0a0, length=37, elements={
0x000001a69fa3f450, 0x000001a69fa3fe00, 0x000001a69fa56950, 0x000001a69fa57300,
0x000001a69fa57cb0, 0x000001a69fa58660, 0x000001a69fa590c0, 0x000001a69fa6f5a0,
0x000001a6a0509c70, 0x000001a6a0518320, 0x000001a6a407c0e0, 0x000001a6a40c1dc0,
0x000001a6a40c2290, 0x000001a6a2075050, 0x000001a6a44e8480, 0x000001a6a4c4e3b0,
0x000001a6a4c4f220, 0x000001a6a4c4ed50, 0x000001a6a4c4f6f0, 0x000001a6a4c4d070,
0x000001a6a4c4dee0, 0x000001a6a4c4fbc0, 0x000001a6a4c50090, 0x000001a6a4c4da10,
0x000001a6a4c50560, 0x000001a6a4c4d540, 0x000001a6a6d33330, 0x000001a6a6d34670,
0x000001a6a6d341a0, 0x000001a6a6d33800, 0x000001a6a6d30cb0, 0x000001a6a6d32990,
0x000001a6a6d34b40, 0x000001a6a6d32e60, 0x000001a6a6d33cd0, 0x000001a6a6d31180,
0x000001a6a6d31650
}

Java Threads: ( => current thread )
  0x000001a69fa3f450 JavaThread "Reference Handler" daemon [_thread_blocked, id=30056, stack(0x0000007068100000,0x0000007068200000)]
  0x000001a69fa3fe00 JavaThread "Finalizer" daemon [_thread_blocked, id=10552, stack(0x0000007068200000,0x0000007068300000)]
  0x000001a69fa56950 JavaThread "Signal Dispatcher" daemon [_thread_blocked, id=37032, stack(0x0000007068300000,0x0000007068400000)]
  0x000001a69fa57300 JavaThread "Attach Listener" daemon [_thread_blocked, id=23708, stack(0x0000007068400000,0x0000007068500000)]
  0x000001a69fa57cb0 JavaThread "Service Thread" daemon [_thread_blocked, id=3388, stack(0x0000007068500000,0x0000007068600000)]
  0x000001a69fa58660 JavaThread "Monitor Deflation Thread" daemon [_thread_blocked, id=28728, stack(0x0000007068600000,0x0000007068700000)]
=>0x000001a69fa590c0 JavaThread "C1 CompilerThread0" daemon [_thread_in_native, id=32372, stack(0x0000007068700000,0x0000007068800000)]
  0x000001a69fa6f5a0 JavaThread "Sweeper thread" daemon [_thread_blocked, id=36256, stack(0x0000007068800000,0x0000007068900000)]
  0x000001a6a0509c70 JavaThread "Notification Thread" daemon [_thread_blocked, id=41856, stack(0x0000007068b00000,0x0000007068c00000)]
  0x000001a6a0518320 JavaThread "Common-Cleaner" daemon [_thread_blocked, id=32220, stack(0x0000007068d00000,0x0000007068e00000)]
  0x000001a6a407c0e0 JavaThread "Catalina-utility-1" [_thread_blocked, id=43956, stack(0x0000007069b00000,0x0000007069c00000)]
  0x000001a6a40c1dc0 JavaThread "Catalina-utility-2" [_thread_blocked, id=13208, stack(0x0000007069c00000,0x0000007069d00000)]
  0x000001a6a40c2290 JavaThread "container-0" [_thread_blocked, id=37788, stack(0x0000007069d00000,0x0000007069e00000)]
  0x000001a6a2075050 JavaThread "mysql-cj-abandoned-connection-cleanup" daemon [_thread_blocked, id=27076, stack(0x0000007069e00000,0x0000007069f00000)]
  0x000001a6a44e8480 JavaThread "HikariPool-1 housekeeper" daemon [_thread_blocked, id=41684, stack(0x0000007069f00000,0x000000706a000000)]
  0x000001a6a4c4e3b0 JavaThread "File Watcher" daemon [_thread_blocked, id=43572, stack(0x000000706a100000,0x000000706a200000)]
  0x000001a6a4c4f220 JavaThread "spectator-gauge-polling-0" daemon [_thread_blocked, id=14696, stack(0x0000007068a00000,0x0000007068b00000)]
  0x000001a6a4c4ed50 JavaThread "AsyncResolver-bootstrap-%d" daemon [_thread_blocked, id=24508, stack(0x000000706a200000,0x000000706a300000)]
  0x000001a6a4c4f6f0 JavaThread "DiscoveryClient-%d" daemon [_thread_blocked, id=2620, stack(0x000000706a300000,0x000000706a400000)]
  0x000001a6a4c4d070 JavaThread "DiscoveryClient-%d" daemon [_thread_blocked, id=20664, stack(0x000000706a400000,0x000000706a500000)]
  0x000001a6a4c4dee0 JavaThread "DiscoveryClient-InstanceInfoReplicator-%d" daemon [_thread_blocked, id=40440, stack(0x000000706a500000,0x000000706a600000)]
  0x000001a6a4c4fbc0 JavaThread "http-nio-8085-exec-1" daemon [_thread_blocked, id=13052, stack(0x000000706a600000,0x000000706a700000)]
  0x000001a6a4c50090 JavaThread "http-nio-8085-exec-2" daemon [_thread_blocked, id=9876, stack(0x000000706a700000,0x000000706a800000)]
  0x000001a6a4c4da10 JavaThread "http-nio-8085-exec-3" daemon [_thread_blocked, id=35012, stack(0x000000706a800000,0x000000706a900000)]
  0x000001a6a4c50560 JavaThread "http-nio-8085-exec-4" daemon [_thread_blocked, id=26544, stack(0x000000706a900000,0x000000706aa00000)]
  0x000001a6a4c4d540 JavaThread "http-nio-8085-exec-5" daemon [_thread_blocked, id=16204, stack(0x000000706aa00000,0x000000706ab00000)]
  0x000001a6a6d33330 JavaThread "http-nio-8085-exec-6" daemon [_thread_blocked, id=21992, stack(0x000000706ab00000,0x000000706ac00000)]
  0x000001a6a6d34670 JavaThread "http-nio-8085-exec-7" daemon [_thread_blocked, id=36664, stack(0x000000706ac00000,0x000000706ad00000)]
  0x000001a6a6d341a0 JavaThread "http-nio-8085-exec-8" daemon [_thread_blocked, id=23744, stack(0x000000706ad00000,0x000000706ae00000)]
  0x000001a6a6d33800 JavaThread "http-nio-8085-exec-9" daemon [_thread_blocked, id=18900, stack(0x000000706ae00000,0x000000706af00000)]
  0x000001a6a6d30cb0 JavaThread "http-nio-8085-exec-10" daemon [_thread_blocked, id=13708, stack(0x000000706af00000,0x000000706b000000)]
  0x000001a6a6d32990 JavaThread "http-nio-8085-Poller" daemon [_thread_in_native, id=31040, stack(0x000000706b000000,0x000000706b100000)]
  0x000001a6a6d34b40 JavaThread "http-nio-8085-Acceptor" daemon [_thread_in_native, id=14060, stack(0x000000706b100000,0x000000706b200000)]
  0x000001a6a6d32e60 JavaThread "DestroyJavaVM" [_thread_blocked, id=23724, stack(0x0000007067a00000,0x0000007067b00000)]
  0x000001a6a6d33cd0 JavaThread "DiscoveryClient-HeartbeatExecutor-%d" daemon [_thread_blocked, id=7800, stack(0x0000007069600000,0x0000007069700000)]
  0x000001a6a6d31180 JavaThread "DiscoveryClient-CacheRefreshExecutor-%d" daemon [_thread_blocked, id=15740, stack(0x000000706b200000,0x000000706b300000)]
  0x000001a6a6d31650 JavaThread "AsyncResolver-bootstrap-executor-%d" daemon [_thread_blocked, id=24976, stack(0x0000007067900000,0x0000007067a00000)]

Other Threads:
  0x000001a69fa3bac0 VMThread "VM Thread" [stack: 0x0000007068000000,0x0000007068100000] [id=42828]
  0x000001a68be0a2e0 WatcherThread [stack: 0x0000007068c00000,0x0000007068d00000] [id=26620]
  0x000001a68bdeba10 GCTaskThread "GC Thread#0" [stack: 0x0000007067b00000,0x0000007067c00000] [id=15988]
  0x000001a6a0e0e6a0 GCTaskThread "GC Thread#1" [stack: 0x0000007068e00000,0x0000007068f00000] [id=18840]
  0x000001a6a0e96ef0 GCTaskThread "GC Thread#2" [stack: 0x0000007068f00000,0x0000007069000000] [id=41368]
  0x000001a6a0e971a0 GCTaskThread "GC Thread#3" [stack: 0x0000007069000000,0x0000007069100000] [id=16440]
  0x000001a6a0f94c00 GCTaskThread "GC Thread#4" [stack: 0x0000007069400000,0x0000007069500000] [id=21940]
  0x000001a6a0f94eb0 GCTaskThread "GC Thread#5" [stack: 0x0000007069500000,0x0000007069600000] [id=35220]
  0x000001a6a1341bb0 GCTaskThread "GC Thread#6" [stack: 0x0000007069900000,0x0000007069a00000] [id=38400]
  0x000001a6a1365110 GCTaskThread "GC Thread#7" [stack: 0x0000007069a00000,0x0000007069b00000] [id=22896]
  0x000001a68bdfca20 ConcurrentGCThread "G1 Main Marker" [stack: 0x0000007067c00000,0x0000007067d00000] [id=42612]
  0x000001a68bdfdad0 ConcurrentGCThread "G1 Conc#0" [stack: 0x0000007067d00000,0x0000007067e00000] [id=18248]
  0x000001a6a191f020 ConcurrentGCThread "G1 Conc#1" [stack: 0x0000007069800000,0x0000007069900000] [id=3040]
  0x000001a68be3e5d0 ConcurrentGCThread "G1 Refine#0" [stack: 0x0000007067e00000,0x0000007067f00000] [id=21020]
  0x000001a6a0de8b30 ConcurrentGCThread "G1 Refine#1" [stack: 0x0000007069100000,0x0000007069200000] [id=13356]
  0x000001a6a0de8e10 ConcurrentGCThread "G1 Refine#2" [stack: 0x0000007069200000,0x0000007069300000] [id=19964]
  0x000001a69f8ed120 ConcurrentGCThread "G1 Service" [stack: 0x0000007067f00000,0x0000007068000000] [id=27996]

Threads with active compile tasks:
C1 CompilerThread0   412854 7954   !   1       org.apache.coyote.AbstractProcessor::action (1115 bytes)

VM state: not at safepoint (normal execution)

VM Mutex/Monitor currently owned by a thread: None

Heap address: 0x0000000085800000, size: 1960 MB, Compressed Oops mode: 32-bit

CDS archive(s) mapped at: [0x0000000800000000-0x0000000800bc0000-0x0000000800bc0000), size 12320768, SharedBaseAddress: 0x0000000800000000, ArchiveRelocationMode: 0.
Compressed class space mapped at: 0x0000000800c00000-0x0000000840c00000, reserved size: 1073741824
Narrow klass base: 0x0000000800000000, Narrow klass shift: 0, Narrow klass range: 0x100000000

GC Precious Log:
 CPUs: 8 total, 8 available
 Memory: 7835M
 Large Page Support: Disabled
 NUMA Support: Disabled
 Compressed Oops: Enabled (32-bit)
 Heap Region Size: 1M
 Heap Min Capacity: 8M
 Heap Initial Capacity: 124M
 Heap Max Capacity: 1960M
 Pre-touch: Disabled
 Parallel Workers: 8
 Concurrent Workers: 2
 Concurrent Refinement Workers: 8
 Periodic GC: Disabled

Heap:
 garbage-first heap   total 198656K, used 102825K [0x0000000085800000, 0x0000000100000000)
  region size 1024K, 51 young (52224K), 5 survivors (5120K)
 Metaspace       used 84533K, committed 85248K, reserved 1122304K
  class space    used 12590K, committed 12928K, reserved 1048576K

Heap Regions: E=young(eden), S=young(survivor), O=old, HS=humongous(starts), HC=humongous(continues), CS=collection set, F=free, OA=open archive, CA=closed archive, TAMS=top-at-mark-start (previous, next)
|   0|0x0000000085800000, 0x0000000085900000, 0x0000000085900000|100%|HS|  |TAMS 0x0000000085900000, 0x0000000085800000| Complete 
|   1|0x0000000085900000, 0x0000000085a00000, 0x0000000085a00000|100%|HS|  |TAMS 0x0000000085a00000, 0x0000000085900000| Complete 
|   2|0x0000000085a00000, 0x0000000085b00000, 0x0000000085b00000|100%|HS|  |TAMS 0x0000000085b00000, 0x0000000085a00000| Complete 
|   3|0x0000000085b00000, 0x0000000085c00000, 0x0000000085c00000|100%| O|  |TAMS 0x0000000085c00000, 0x0000000085b00000| Untracked 
|   4|0x0000000085c00000, 0x0000000085d00000, 0x0000000085d00000|100%| O|  |TAMS 0x0000000085d00000, 0x0000000085c00000| Untracked 
|   5|0x0000000085d00000, 0x0000000085e00000, 0x0000000085e00000|100%| O|  |TAMS 0x0000000085e00000, 0x0000000085d00000| Untracked 
|   6|0x0000000085e00000, 0x0000000085f00000, 0x0000000085f00000|100%| O|  |TAMS 0x0000000085f00000, 0x0000000085e00000| Untracked 
|   7|0x0000000085f00000, 0x0000000086000000, 0x0000000086000000|100%| O|  |TAMS 0x0000000086000000, 0x0000000085f00000| Untracked 
|   8|0x0000000086000000, 0x0000000086100000, 0x0000000086100000|100%| O|  |TAMS 0x0000000086100000, 0x0000000086000000| Untracked 
|   9|0x0000000086100000, 0x0000000086200000, 0x0000000086200000|100%| O|  |TAMS 0x0000000086200000, 0x0000000086100000| Untracked 
|  10|0x0000000086200000, 0x0000000086300000, 0x0000000086300000|100%| O|  |TAMS 0x0000000086300000, 0x0000000086200000| Untracked 
|  11|0x0000000086300000, 0x0000000086400000, 0x0000000086400000|100%| O|  |TAMS 0x0000000086400000, 0x0000000086300000| Untracked 
|  12|0x0000000086400000, 0x0000000086500000, 0x0000000086500000|100%| O|  |TAMS 0x0000000086500000, 0x0000000086400000| Untracked 
|  13|0x0000000086500000, 0x0000000086600000, 0x0000000086600000|100%| O|  |TAMS 0x0000000086600000, 0x0000000086500000| Untracked 
|  14|0x0000000086600000, 0x0000000086700000, 0x0000000086700000|100%| O|  |TAMS 0x0000000086700000, 0x0000000086600000| Untracked 
|  15|0x0000000086700000, 0x0000000086800000, 0x0000000086800000|100%| O|  |TAMS 0x0000000086800000, 0x0000000086700000| Untracked 
|  16|0x0000000086800000, 0x0000000086900000, 0x0000000086900000|100%| O|  |TAMS 0x0000000086900000, 0x0000000086800000| Untracked 
|  17|0x0000000086900000, 0x0000000086a00000, 0x0000000086a00000|100%| O|  |TAMS 0x0000000086a00000, 0x0000000086900000| Untracked 
|  18|0x0000000086a00000, 0x0000000086b00000, 0x0000000086b00000|100%| O|  |TAMS 0x0000000086b00000, 0x0000000086a00000| Untracked 
|  19|0x0000000086b00000, 0x0000000086c00000, 0x0000000086c00000|100%| O|  |TAMS 0x0000000086c00000, 0x0000000086b00000| Untracked 
|  20|0x0000000086c00000, 0x0000000086d00000, 0x0000000086d00000|100%| O|  |TAMS 0x0000000086d00000, 0x0000000086c00000| Untracked 
|  21|0x0000000086d00000, 0x0000000086e00000, 0x0000000086e00000|100%| O|  |TAMS 0x0000000086e00000, 0x0000000086d00000| Untracked 
|  22|0x0000000086e00000, 0x0000000086f00000, 0x0000000086f00000|100%| O|  |TAMS 0x0000000086f00000, 0x0000000086e00000| Untracked 
|  23|0x0000000086f00000, 0x0000000087000000, 0x0000000087000000|100%| O|  |TAMS 0x0000000087000000, 0x0000000086f00000| Untracked 
|  24|0x0000000087000000, 0x0000000087100000, 0x0000000087100000|100%| O|  |TAMS 0x0000000087100000, 0x0000000087000000| Untracked 
|  25|0x0000000087100000, 0x0000000087200000, 0x0000000087200000|100%| O|  |TAMS 0x0000000087200000, 0x0000000087100000| Untracked 
|  26|0x0000000087200000, 0x0000000087300000, 0x0000000087300000|100%| O|  |TAMS 0x0000000087300000, 0x0000000087200000| Untracked 
|  27|0x0000000087300000, 0x0000000087400000, 0x0000000087400000|100%| O|  |TAMS 0x0000000087400000, 0x0000000087300000| Untracked 
|  28|0x0000000087400000, 0x0000000087500000, 0x0000000087500000|100%| O|  |TAMS 0x0000000087500000, 0x0000000087400000| Untracked 
|  29|0x0000000087500000, 0x0000000087600000, 0x0000000087600000|100%| O|  |TAMS 0x0000000087600000, 0x0000000087500000| Untracked 
|  30|0x0000000087600000, 0x0000000087700000, 0x0000000087700000|100%| O|  |TAMS 0x0000000087700000, 0x0000000087600000| Untracked 
|  31|0x0000000087700000, 0x0000000087800000, 0x0000000087800000|100%| O|  |TAMS 0x0000000087800000, 0x0000000087700000| Untracked 
|  32|0x0000000087800000, 0x0000000087900000, 0x0000000087900000|100%| O|  |TAMS 0x0000000087900000, 0x0000000087800000| Untracked 
|  33|0x0000000087900000, 0x0000000087a00000, 0x0000000087a00000|100%| O|  |TAMS 0x0000000087a00000, 0x0000000087900000| Complete 
|  34|0x0000000087a00000, 0x0000000087b00000, 0x0000000087b00000|100%| O|  |TAMS 0x0000000087b00000, 0x0000000087a00000| Complete 
|  35|0x0000000087b00000, 0x0000000087c00000, 0x0000000087c00000|100%| O|  |TAMS 0x0000000087c00000, 0x0000000087b00000| Untracked 
|  36|0x0000000087c00000, 0x0000000087d00000, 0x0000000087d00000|100%| O|  |TAMS 0x0000000087d00000, 0x0000000087c00000| Untracked 
|  37|0x0000000087d00000, 0x0000000087e00000, 0x0000000087e00000|100%| O|  |TAMS 0x0000000087e00000, 0x0000000087d00000| Untracked 
|  38|0x0000000087e00000, 0x0000000087f00000, 0x0000000087f00000|100%| O|  |TAMS 0x0000000087f00000, 0x0000000087e00000| Untracked 
|  39|0x0000000087f00000, 0x0000000088000000, 0x0000000088000000|100%| O|  |TAMS 0x0000000088000000, 0x0000000087f00000| Untracked 
|  40|0x0000000088000000, 0x0000000088100000, 0x0000000088100000|100%| O|  |TAMS 0x0000000088100000, 0x0000000088000000| Untracked 
|  41|0x0000000088100000, 0x0000000088200000, 0x0000000088200000|100%| O|  |TAMS 0x0000000088200000, 0x0000000088100000| Untracked 
|  42|0x0000000088200000, 0x0000000088300000, 0x0000000088300000|100%| O|  |TAMS 0x0000000088300000, 0x0000000088200000| Untracked 
|  43|0x0000000088300000, 0x0000000088400000, 0x0000000088400000|100%| O|  |TAMS 0x0000000088400000, 0x0000000088300000| Untracked 
|  44|0x0000000088400000, 0x0000000088500000, 0x0000000088500000|100%| O|  |TAMS 0x0000000088500000, 0x0000000088400000| Untracked 
|  45|0x0000000088500000, 0x0000000088600000, 0x0000000088600000|100%| O|  |TAMS 0x0000000088600000, 0x0000000088500000| Untracked 
|  46|0x0000000088600000, 0x0000000088700000, 0x0000000088700000|100%| O|  |TAMS 0x0000000088700000, 0x0000000088600000| Untracked 
|  47|0x0000000088700000, 0x0000000088800000, 0x0000000088800000|100%| O|  |TAMS 0x0000000088800000, 0x0000000088700000| Untracked 
|  48|0x0000000088800000, 0x0000000088900000, 0x0000000088900000|100%| O|  |TAMS 0x00000000888daa00, 0x0000000088800000| Untracked 
|  49|0x0000000088900000, 0x0000000088a00000, 0x0000000088a00000|100%| O|  |TAMS 0x0000000088900000, 0x0000000088900000| Untracked 
|  50|0x0000000088a00000, 0x0000000088aaa800, 0x0000000088b00000| 66%| O|  |TAMS 0x0000000088a00000, 0x0000000088a00000| Untracked 
|  51|0x0000000088b00000, 0x0000000088b00000, 0x0000000088c00000|  0%| F|  |TAMS 0x0000000088b00000, 0x0000000088b00000| Untracked 
|  52|0x0000000088c00000, 0x0000000088c00000, 0x0000000088d00000|  0%| F|  |TAMS 0x0000000088c00000, 0x0000000088c00000| Untracked 
|  53|0x0000000088d00000, 0x0000000088d00000, 0x0000000088e00000|  0%| F|  |TAMS 0x0000000088d00000, 0x0000000088d00000| Untracked 
|  54|0x0000000088e00000, 0x0000000088e00000, 0x0000000088f00000|  0%| F|  |TAMS 0x0000000088e00000, 0x0000000088e00000| Untracked 
|  55|0x0000000088f00000, 0x0000000088f00000, 0x0000000089000000|  0%| F|  |TAMS 0x0000000088f00000, 0x0000000088f00000| Untracked 
|  56|0x0000000089000000, 0x0000000089000000, 0x0000000089100000|  0%| F|  |TAMS 0x0000000089000000, 0x0000000089000000| Untracked 
|  57|0x0000000089100000, 0x0000000089100000, 0x0000000089200000|  0%| F|  |TAMS 0x0000000089100000, 0x0000000089100000| Untracked 
|  58|0x0000000089200000, 0x0000000089200000, 0x0000000089300000|  0%| F|  |TAMS 0x0000000089200000, 0x0000000089200000| Untracked 
|  59|0x0000000089300000, 0x0000000089300000, 0x0000000089400000|  0%| F|  |TAMS 0x0000000089300000, 0x0000000089300000| Untracked 
|  60|0x0000000089400000, 0x0000000089400000, 0x0000000089500000|  0%| F|  |TAMS 0x0000000089400000, 0x0000000089400000| Untracked 
|  61|0x0000000089500000, 0x0000000089500000, 0x0000000089600000|  0%| F|  |TAMS 0x0000000089500000, 0x0000000089500000| Untracked 
|  62|0x0000000089600000, 0x0000000089600000, 0x0000000089700000|  0%| F|  |TAMS 0x0000000089600000, 0x0000000089600000| Untracked 
|  63|0x0000000089700000, 0x0000000089700000, 0x0000000089800000|  0%| F|  |TAMS 0x0000000089700000, 0x0000000089700000| Untracked 
|  64|0x0000000089800000, 0x0000000089800000, 0x0000000089900000|  0%| F|  |TAMS 0x0000000089800000, 0x0000000089800000| Untracked 
|  65|0x0000000089900000, 0x00000000899bff78, 0x0000000089a00000| 74%| S|CS|TAMS 0x0000000089900000, 0x0000000089900000| Complete 
|  66|0x0000000089a00000, 0x0000000089b00000, 0x0000000089b00000|100%| S|CS|TAMS 0x0000000089a00000, 0x0000000089a00000| Complete 
|  67|0x0000000089b00000, 0x0000000089c00000, 0x0000000089c00000|100%| S|CS|TAMS 0x0000000089b00000, 0x0000000089b00000| Complete 
|  68|0x0000000089c00000, 0x0000000089c00000, 0x0000000089d00000|  0%| F|  |TAMS 0x0000000089c00000, 0x0000000089c00000| Untracked 
|  69|0x0000000089d00000, 0x0000000089d00000, 0x0000000089e00000|  0%| F|  |TAMS 0x0000000089d00000, 0x0000000089d00000| Untracked 
|  70|0x0000000089e00000, 0x0000000089f00000, 0x0000000089f00000|100%| S|CS|TAMS 0x0000000089e00000, 0x0000000089e00000| Complete 
|  71|0x0000000089f00000, 0x000000008a000000, 0x000000008a000000|100%| S|CS|TAMS 0x0000000089f00000, 0x0000000089f00000| Complete 
|  72|0x000000008a000000, 0x000000008a000000, 0x000000008a100000|  0%| F|  |TAMS 0x000000008a000000, 0x000000008a000000| Untracked 
|  73|0x000000008a100000, 0x000000008a100000, 0x000000008a200000|  0%| F|  |TAMS 0x000000008a100000, 0x000000008a100000| Untracked 
|  74|0x000000008a200000, 0x000000008a200000, 0x000000008a300000|  0%| F|  |TAMS 0x000000008a200000, 0x000000008a200000| Untracked 
|  75|0x000000008a300000, 0x000000008a300000, 0x000000008a400000|  0%| F|  |TAMS 0x000000008a300000, 0x000000008a300000| Untracked 
|  76|0x000000008a400000, 0x000000008a400000, 0x000000008a500000|  0%| F|  |TAMS 0x000000008a400000, 0x000000008a400000| Untracked 
|  77|0x000000008a500000, 0x000000008a500000, 0x000000008a600000|  0%| F|  |TAMS 0x000000008a500000, 0x000000008a500000| Untracked 
|  78|0x000000008a600000, 0x000000008a600000, 0x000000008a700000|  0%| F|  |TAMS 0x000000008a600000, 0x000000008a600000| Untracked 
|  79|0x000000008a700000, 0x000000008a700000, 0x000000008a800000|  0%| F|  |TAMS 0x000000008a700000, 0x000000008a700000| Untracked 
|  80|0x000000008a800000, 0x000000008a800000, 0x000000008a900000|  0%| F|  |TAMS 0x000000008a800000, 0x000000008a800000| Untracked 
|  81|0x000000008a900000, 0x000000008a900000, 0x000000008aa00000|  0%| F|  |TAMS 0x000000008a900000, 0x000000008a900000| Untracked 
|  82|0x000000008aa00000, 0x000000008aa00000, 0x000000008ab00000|  0%| F|  |TAMS 0x000000008aa00000, 0x000000008aa00000| Untracked 
|  83|0x000000008ab00000, 0x000000008ab00000, 0x000000008ac00000|  0%| F|  |TAMS 0x000000008ab00000, 0x000000008ab00000| Untracked 
|  84|0x000000008ac00000, 0x000000008ac00000, 0x000000008ad00000|  0%| F|  |TAMS 0x000000008ac00000, 0x000000008ac00000| Untracked 
|  85|0x000000008ad00000, 0x000000008ad00000, 0x000000008ae00000|  0%| F|  |TAMS 0x000000008ad00000, 0x000000008ad00000| Untracked 
|  86|0x000000008ae00000, 0x000000008ae00000, 0x000000008af00000|  0%| F|  |TAMS 0x000000008ae00000, 0x000000008ae00000| Untracked 
|  87|0x000000008af00000, 0x000000008af00000, 0x000000008b000000|  0%| F|  |TAMS 0x000000008af00000, 0x000000008af00000| Untracked 
|  88|0x000000008b000000, 0x000000008b000000, 0x000000008b100000|  0%| F|  |TAMS 0x000000008b000000, 0x000000008b000000| Untracked 
|  89|0x000000008b100000, 0x000000008b100000, 0x000000008b200000|  0%| F|  |TAMS 0x000000008b100000, 0x000000008b100000| Untracked 
|  90|0x000000008b200000, 0x000000008b200000, 0x000000008b300000|  0%| F|  |TAMS 0x000000008b200000, 0x000000008b200000| Untracked 
|  91|0x000000008b300000, 0x000000008b300000, 0x000000008b400000|  0%| F|  |TAMS 0x000000008b300000, 0x000000008b300000| Untracked 
|  92|0x000000008b400000, 0x000000008b400000, 0x000000008b500000|  0%| F|  |TAMS 0x000000008b400000, 0x000000008b400000| Untracked 
|  93|0x000000008b500000, 0x000000008b500000, 0x000000008b600000|  0%| F|  |TAMS 0x000000008b500000, 0x000000008b500000| Untracked 
|  94|0x000000008b600000, 0x000000008b600000, 0x000000008b700000|  0%| F|  |TAMS 0x000000008b600000, 0x000000008b600000| Untracked 
|  95|0x000000008b700000, 0x000000008b700000, 0x000000008b800000|  0%| F|  |TAMS 0x000000008b700000, 0x000000008b700000| Untracked 
|  96|0x000000008b800000, 0x000000008b800000, 0x000000008b900000|  0%| F|  |TAMS 0x000000008b800000, 0x000000008b800000| Untracked 
|  97|0x000000008b900000, 0x000000008b900000, 0x000000008ba00000|  0%| F|  |TAMS 0x000000008b900000, 0x000000008b900000| Untracked 
|  98|0x000000008ba00000, 0x000000008ba00000, 0x000000008bb00000|  0%| F|  |TAMS 0x000000008ba00000, 0x000000008ba00000| Untracked 
|  99|0x000000008bb00000, 0x000000008bb00000, 0x000000008bc00000|  0%| F|  |TAMS 0x000000008bb00000, 0x000000008bb00000| Untracked 
| 100|0x000000008bc00000, 0x000000008bc00000, 0x000000008bd00000|  0%| F|  |TAMS 0x000000008bc00000, 0x000000008bc00000| Untracked 
| 101|0x000000008bd00000, 0x000000008bd00000, 0x000000008be00000|  0%| F|  |TAMS 0x000000008bd00000, 0x000000008bd00000| Untracked 
| 102|0x000000008be00000, 0x000000008be00000, 0x000000008bf00000|  0%| F|  |TAMS 0x000000008be00000, 0x000000008be00000| Untracked 
| 103|0x000000008bf00000, 0x000000008bf00000, 0x000000008c000000|  0%| F|  |TAMS 0x000000008bf00000, 0x000000008bf00000| Untracked 
| 104|0x000000008c000000, 0x000000008c000000, 0x000000008c100000|  0%| F|  |TAMS 0x000000008c000000, 0x000000008c000000| Untracked 
| 105|0x000000008c100000, 0x000000008c100000, 0x000000008c200000|  0%| F|  |TAMS 0x000000008c100000, 0x000000008c100000| Untracked 
| 106|0x000000008c200000, 0x000000008c200000, 0x000000008c300000|  0%| F|  |TAMS 0x000000008c200000, 0x000000008c200000| Untracked 
| 107|0x000000008c300000, 0x000000008c300000, 0x000000008c400000|  0%| F|  |TAMS 0x000000008c300000, 0x000000008c300000| Untracked 
| 108|0x000000008c400000, 0x000000008c400000, 0x000000008c500000|  0%| F|  |TAMS 0x000000008c400000, 0x000000008c400000| Untracked 
| 109|0x000000008c500000, 0x000000008c500000, 0x000000008c600000|  0%| F|  |TAMS 0x000000008c500000, 0x000000008c500000| Untracked 
| 110|0x000000008c600000, 0x000000008c600000, 0x000000008c700000|  0%| F|  |TAMS 0x000000008c600000, 0x000000008c600000| Untracked 
| 111|0x000000008c700000, 0x000000008c700000, 0x000000008c800000|  0%| F|  |TAMS 0x000000008c700000, 0x000000008c700000| Untracked 
| 112|0x000000008c800000, 0x000000008c800000, 0x000000008c900000|  0%| F|  |TAMS 0x000000008c800000, 0x000000008c800000| Untracked 
| 113|0x000000008c900000, 0x000000008c900000, 0x000000008ca00000|  0%| F|  |TAMS 0x000000008c900000, 0x000000008c900000| Untracked 
| 114|0x000000008ca00000, 0x000000008ca00000, 0x000000008cb00000|  0%| F|  |TAMS 0x000000008ca00000, 0x000000008ca00000| Untracked 
| 115|0x000000008cb00000, 0x000000008cb00000, 0x000000008cc00000|  0%| F|  |TAMS 0x000000008cb00000, 0x000000008cb00000| Untracked 
| 116|0x000000008cc00000, 0x000000008cc00000, 0x000000008cd00000|  0%| F|  |TAMS 0x000000008cc00000, 0x000000008cc00000| Untracked 
| 117|0x000000008cd00000, 0x000000008cd00000, 0x000000008ce00000|  0%| F|  |TAMS 0x000000008cd00000, 0x000000008cd00000| Untracked 
| 118|0x000000008ce00000, 0x000000008ce00000, 0x000000008cf00000|  0%| F|  |TAMS 0x000000008ce00000, 0x000000008ce00000| Untracked 
| 119|0x000000008cf00000, 0x000000008cf00000, 0x000000008d000000|  0%| F|  |TAMS 0x000000008cf00000, 0x000000008cf00000| Untracked 
| 120|0x000000008d000000, 0x000000008d000000, 0x000000008d100000|  0%| F|  |TAMS 0x000000008d000000, 0x000000008d000000| Untracked 
| 121|0x000000008d100000, 0x000000008d100000, 0x000000008d200000|  0%| F|  |TAMS 0x000000008d100000, 0x000000008d100000| Untracked 
| 122|0x000000008d200000, 0x000000008d200000, 0x000000008d300000|  0%| F|  |TAMS 0x000000008d200000, 0x000000008d200000| Untracked 
| 123|0x000000008d300000, 0x000000008d300000, 0x000000008d400000|  0%| F|  |TAMS 0x000000008d300000, 0x000000008d300000| Untracked 
| 124|0x000000008d400000, 0x000000008d400000, 0x000000008d500000|  0%| F|  |TAMS 0x000000008d400000, 0x000000008d400000| Untracked 
| 125|0x000000008d500000, 0x000000008d500000, 0x000000008d600000|  0%| F|  |TAMS 0x000000008d500000, 0x000000008d500000| Untracked 
| 126|0x000000008d600000, 0x000000008d600000, 0x000000008d700000|  0%| F|  |TAMS 0x000000008d600000, 0x000000008d600000| Untracked 
| 127|0x000000008d700000, 0x000000008d700000, 0x000000008d800000|  0%| F|  |TAMS 0x000000008d700000, 0x000000008d700000| Untracked 
| 128|0x000000008d800000, 0x000000008d800000, 0x000000008d900000|  0%| F|  |TAMS 0x000000008d800000, 0x000000008d800000| Untracked 
| 129|0x000000008d900000, 0x000000008d900000, 0x000000008da00000|  0%| F|  |TAMS 0x000000008d900000, 0x000000008d900000| Untracked 
| 130|0x000000008da00000, 0x000000008da00000, 0x000000008db00000|  0%| F|  |TAMS 0x000000008da00000, 0x000000008da00000| Untracked 
| 131|0x000000008db00000, 0x000000008db00000, 0x000000008dc00000|  0%| F|  |TAMS 0x000000008db00000, 0x000000008db00000| Untracked 
| 132|0x000000008dc00000, 0x000000008dc00000, 0x000000008dd00000|  0%| F|  |TAMS 0x000000008dc00000, 0x000000008dc00000| Untracked 
| 133|0x000000008dd00000, 0x000000008dd00000, 0x000000008de00000|  0%| F|  |TAMS 0x000000008dd00000, 0x000000008dd00000| Untracked 
| 134|0x000000008de00000, 0x000000008de00000, 0x000000008df00000|  0%| F|  |TAMS 0x000000008de00000, 0x000000008de00000| Untracked 
| 135|0x000000008df00000, 0x000000008df00000, 0x000000008e000000|  0%| F|  |TAMS 0x000000008df00000, 0x000000008df00000| Untracked 
| 136|0x000000008e000000, 0x000000008e000000, 0x000000008e100000|  0%| F|  |TAMS 0x000000008e000000, 0x000000008e000000| Untracked 
| 137|0x000000008e100000, 0x000000008e100000, 0x000000008e200000|  0%| F|  |TAMS 0x000000008e100000, 0x000000008e100000| Untracked 
| 138|0x000000008e200000, 0x000000008e200000, 0x000000008e300000|  0%| F|  |TAMS 0x000000008e200000, 0x000000008e200000| Untracked 
| 139|0x000000008e300000, 0x000000008e300000, 0x000000008e400000|  0%| F|  |TAMS 0x000000008e300000, 0x000000008e300000| Untracked 
| 140|0x000000008e400000, 0x000000008e400000, 0x000000008e500000|  0%| F|  |TAMS 0x000000008e400000, 0x000000008e400000| Untracked 
| 141|0x000000008e500000, 0x000000008e500000, 0x000000008e600000|  0%| F|  |TAMS 0x000000008e500000, 0x000000008e500000| Untracked 
| 142|0x000000008e600000, 0x000000008e600000, 0x000000008e700000|  0%| F|  |TAMS 0x000000008e600000, 0x000000008e600000| Untracked 
| 143|0x000000008e700000, 0x000000008e700000, 0x000000008e800000|  0%| F|  |TAMS 0x000000008e700000, 0x000000008e700000| Untracked 
| 144|0x000000008e800000, 0x000000008e800000, 0x000000008e900000|  0%| F|  |TAMS 0x000000008e800000, 0x000000008e800000| Untracked 
| 145|0x000000008e900000, 0x000000008e900000, 0x000000008ea00000|  0%| F|  |TAMS 0x000000008e900000, 0x000000008e900000| Untracked 
| 146|0x000000008ea00000, 0x000000008ea00000, 0x000000008eb00000|  0%| F|  |TAMS 0x000000008ea00000, 0x000000008ea00000| Untracked 
| 147|0x000000008eb00000, 0x000000008eb00000, 0x000000008ec00000|  0%| F|  |TAMS 0x000000008eb00000, 0x000000008eb00000| Untracked 
| 148|0x000000008ec00000, 0x000000008ec00800, 0x000000008ed00000|  0%| E|  |TAMS 0x000000008ec00000, 0x000000008ec00000| Complete 
| 149|0x000000008ed00000, 0x000000008ee00000, 0x000000008ee00000|100%| E|CS|TAMS 0x000000008ed00000, 0x000000008ed00000| Complete 
| 150|0x000000008ee00000, 0x000000008ef00000, 0x000000008ef00000|100%| E|CS|TAMS 0x000000008ee00000, 0x000000008ee00000| Complete 
| 151|0x000000008ef00000, 0x000000008f000000, 0x000000008f000000|100%| E|CS|TAMS 0x000000008ef00000, 0x000000008ef00000| Complete 
| 152|0x000000008f000000, 0x000000008f100000, 0x000000008f100000|100%| E|CS|TAMS 0x000000008f000000, 0x000000008f000000| Complete 
| 153|0x000000008f100000, 0x000000008f200000, 0x000000008f200000|100%| E|CS|TAMS 0x000000008f100000, 0x000000008f100000| Complete 
| 154|0x000000008f200000, 0x000000008f300000, 0x000000008f300000|100%| E|CS|TAMS 0x000000008f200000, 0x000000008f200000| Complete 
| 155|0x000000008f300000, 0x000000008f400000, 0x000000008f400000|100%| E|CS|TAMS 0x000000008f300000, 0x000000008f300000| Complete 
| 156|0x000000008f400000, 0x000000008f500000, 0x000000008f500000|100%| E|CS|TAMS 0x000000008f400000, 0x000000008f400000| Complete 
| 157|0x000000008f500000, 0x000000008f600000, 0x000000008f600000|100%| E|CS|TAMS 0x000000008f500000, 0x000000008f500000| Complete 
| 158|0x000000008f600000, 0x000000008f700000, 0x000000008f700000|100%| E|CS|TAMS 0x000000008f600000, 0x000000008f600000| Complete 
| 159|0x000000008f700000, 0x000000008f800000, 0x000000008f800000|100%| E|CS|TAMS 0x000000008f700000, 0x000000008f700000| Complete 
| 160|0x000000008f800000, 0x000000008f900000, 0x000000008f900000|100%| E|CS|TAMS 0x000000008f800000, 0x000000008f800000| Complete 
| 161|0x000000008f900000, 0x000000008fa00000, 0x000000008fa00000|100%| E|CS|TAMS 0x000000008f900000, 0x000000008f900000| Complete 
| 162|0x000000008fa00000, 0x000000008fb00000, 0x000000008fb00000|100%| E|CS|TAMS 0x000000008fa00000, 0x000000008fa00000| Complete 
| 163|0x000000008fb00000, 0x000000008fc00000, 0x000000008fc00000|100%| E|CS|TAMS 0x000000008fb00000, 0x000000008fb00000| Complete 
| 164|0x000000008fc00000, 0x000000008fd00000, 0x000000008fd00000|100%| E|CS|TAMS 0x000000008fc00000, 0x000000008fc00000| Complete 
| 165|0x000000008fd00000, 0x000000008fe00000, 0x000000008fe00000|100%| E|CS|TAMS 0x000000008fd00000, 0x000000008fd00000| Complete 
| 166|0x000000008fe00000, 0x000000008ff00000, 0x000000008ff00000|100%| E|CS|TAMS 0x000000008fe00000, 0x000000008fe00000| Complete 
| 167|0x000000008ff00000, 0x0000000090000000, 0x0000000090000000|100%| E|CS|TAMS 0x000000008ff00000, 0x000000008ff00000| Complete 
| 168|0x0000000090000000, 0x0000000090100000, 0x0000000090100000|100%| E|CS|TAMS 0x0000000090000000, 0x0000000090000000| Complete 
| 169|0x0000000090100000, 0x0000000090200000, 0x0000000090200000|100%| E|CS|TAMS 0x0000000090100000, 0x0000000090100000| Complete 
| 170|0x0000000090200000, 0x0000000090300000, 0x0000000090300000|100%| E|CS|TAMS 0x0000000090200000, 0x0000000090200000| Complete 
| 171|0x0000000090300000, 0x0000000090400000, 0x0000000090400000|100%| E|CS|TAMS 0x0000000090300000, 0x0000000090300000| Complete 
| 172|0x0000000090400000, 0x0000000090500000, 0x0000000090500000|100%| E|CS|TAMS 0x0000000090400000, 0x0000000090400000| Complete 
| 173|0x0000000090500000, 0x0000000090600000, 0x0000000090600000|100%| E|CS|TAMS 0x0000000090500000, 0x0000000090500000| Complete 
| 174|0x0000000090600000, 0x0000000090700000, 0x0000000090700000|100%| E|CS|TAMS 0x0000000090600000, 0x0000000090600000| Complete 
| 175|0x0000000090700000, 0x0000000090800000, 0x0000000090800000|100%| E|CS|TAMS 0x0000000090700000, 0x0000000090700000| Complete 
| 176|0x0000000090800000, 0x0000000090900000, 0x0000000090900000|100%| E|CS|TAMS 0x0000000090800000, 0x0000000090800000| Complete 
| 177|0x0000000090900000, 0x0000000090a00000, 0x0000000090a00000|100%| E|CS|TAMS 0x0000000090900000, 0x0000000090900000| Complete 
| 178|0x0000000090a00000, 0x0000000090b00000, 0x0000000090b00000|100%| E|CS|TAMS 0x0000000090a00000, 0x0000000090a00000| Complete 
| 179|0x0000000090b00000, 0x0000000090c00000, 0x0000000090c00000|100%| E|CS|TAMS 0x0000000090b00000, 0x0000000090b00000| Complete 
| 180|0x0000000090c00000, 0x0000000090d00000, 0x0000000090d00000|100%| E|CS|TAMS 0x0000000090c00000, 0x0000000090c00000| Complete 
| 181|0x0000000090d00000, 0x0000000090e00000, 0x0000000090e00000|100%| E|CS|TAMS 0x0000000090d00000, 0x0000000090d00000| Complete 
| 182|0x0000000090e00000, 0x0000000090f00000, 0x0000000090f00000|100%| E|CS|TAMS 0x0000000090e00000, 0x0000000090e00000| Complete 
| 183|0x0000000090f00000, 0x0000000091000000, 0x0000000091000000|100%| E|CS|TAMS 0x0000000090f00000, 0x0000000090f00000| Complete 
| 184|0x0000000091000000, 0x0000000091100000, 0x0000000091100000|100%| E|CS|TAMS 0x0000000091000000, 0x0000000091000000| Complete 
| 185|0x0000000091100000, 0x0000000091200000, 0x0000000091200000|100%| E|CS|TAMS 0x0000000091100000, 0x0000000091100000| Complete 
| 186|0x0000000091200000, 0x0000000091300000, 0x0000000091300000|100%| E|CS|TAMS 0x0000000091200000, 0x0000000091200000| Complete 
| 187|0x0000000091300000, 0x0000000091400000, 0x0000000091400000|100%| E|CS|TAMS 0x0000000091300000, 0x0000000091300000| Complete 
| 188|0x0000000091400000, 0x0000000091500000, 0x0000000091500000|100%| E|CS|TAMS 0x0000000091400000, 0x0000000091400000| Complete 
| 189|0x0000000091500000, 0x0000000091600000, 0x0000000091600000|100%| E|CS|TAMS 0x0000000091500000, 0x0000000091500000| Complete 
| 190|0x0000000091600000, 0x0000000091700000, 0x0000000091700000|100%| E|CS|TAMS 0x0000000091600000, 0x0000000091600000| Complete 
| 191|0x0000000091700000, 0x0000000091800000, 0x0000000091800000|100%| E|CS|TAMS 0x0000000091700000, 0x0000000091700000| Complete 
| 228|0x0000000093c00000, 0x0000000093d00000, 0x0000000093d00000|100%| E|CS|TAMS 0x0000000093c00000, 0x0000000093c00000| Complete 
| 229|0x0000000093d00000, 0x0000000093e00000, 0x0000000093e00000|100%| E|CS|TAMS 0x0000000093d00000, 0x0000000093d00000| Complete 

Card table byte_map: [0x000001a698ab0000,0x000001a698e90000] _byte_map_base: 0x000001a698684000

Marking Bits (Prev, Next): (CMBitMap*) 0x000001a68bdebf20, (CMBitMap*) 0x000001a68bdebf60
 Prev Bits: [0x000001a699270000, 0x000001a69b110000)
 Next Bits: [0x000001a69b110000, 0x000001a69cfb0000)

Polling page: 0x000001a68be40000

Metaspace:

Usage:
  Non-class:     70.26 MB used.
      Class:     12.30 MB used.
       Both:     82.55 MB used.

Virtual space:
  Non-class space:       72.00 MB reserved,      70.62 MB ( 98%) committed,  9 nodes.
      Class space:        1.00 GB reserved,      12.62 MB (  1%) committed,  1 nodes.
             Both:        1.07 GB reserved,      83.25 MB (  8%) committed. 

Chunk freelists:
   Non-Class:  1.27 MB
       Class:  3.34 MB
        Both:  4.61 MB

MaxMetaspaceSize: unlimited
CompressedClassSpaceSize: 1.00 GB
Initial GC threshold: 21.00 MB
Current GC threshold: 128.25 MB
CDS: on
MetaspaceReclaimPolicy: balanced
 - commit_granule_bytes: 65536.
 - commit_granule_words: 8192.
 - virtual_space_node_default_size: 1048576.
 - enlarge_chunks_in_place: 1.
 - new_chunks_are_fully_committed: 0.
 - uncommit_free_chunks: 1.
 - use_allocation_guard: 0.
 - handle_deallocations: 1.


Internal statistics:

num_allocs_failed_limit: 9.
num_arena_births: 1006.
num_arena_deaths: 2.
num_vsnodes_births: 10.
num_vsnodes_deaths: 0.
num_space_committed: 1332.
num_space_uncommitted: 0.
num_chunks_returned_to_freelist: 12.
num_chunks_taken_from_freelist: 4161.
num_chunk_merges: 9.
num_chunk_splits: 3026.
num_chunks_enlarged: 2389.
num_purges: 2.
num_inconsistent_stats: 0.

CodeCache: size=49152Kb used=13898Kb max_used=13919Kb free=35253Kb
 bounds [0x000001a694e50000, 0x000001a695c10000, 0x000001a697e50000]
 total_blobs=8639 nmethods=7945 adapters=620
 compilation: enabled
              stopped_count=0, restarted_count=0
 full_count=0

Compilation events (20 events):
Event: 390.707 Thread 0x000001a69fa590c0 nmethod 7941 0x000001a695bafe90 code [0x000001a695bb0020, 0x000001a695bb00f8]
Event: 390.707 Thread 0x000001a69fa590c0 7937       1       org.springframework.boot.actuate.autoconfigure.health.AutoConfiguredHealthEndpointGroups::lambda$static$0 (2 bytes)
Event: 390.707 Thread 0x000001a69fa590c0 nmethod 7937 0x000001a695bafb90 code [0x000001a695bafd20, 0x000001a695bafdd8]
Event: 390.707 Thread 0x000001a69fa590c0 7938       1       com.mysql.cj.conf.AbstractPropertyDefinition::getLowerBound (5 bytes)
Event: 390.708 Thread 0x000001a69fa590c0 nmethod 7938 0x000001a695baf890 code [0x000001a695bafa20, 0x000001a695bafaf8]
Event: 390.708 Thread 0x000001a69fa590c0 7939       1       com.mysql.cj.conf.AbstractPropertyDefinition::getUpperBound (5 bytes)
Event: 390.708 Thread 0x000001a69fa590c0 nmethod 7939 0x000001a695baf590 code [0x000001a695baf720, 0x000001a695baf7f8]
Event: 407.556 Thread 0x000001a69fa590c0 7944       1       org.apache.catalina.core.StandardPipeline::getFirst (17 bytes)
Event: 407.563 Thread 0x000001a69fa590c0 nmethod 7944 0x000001a695baf290 code [0x000001a695baf420, 0x000001a695baf518]
Event: 410.676 Thread 0x000001a69fa590c0 7945       1       org.apache.coyote.AbstractProtocol$ConnectionHandler::getProtocol (5 bytes)
Event: 410.681 Thread 0x000001a69fa590c0 nmethod 7945 0x000001a695baef90 code [0x000001a695baf120, 0x000001a695baf1f8]
Event: 410.681 Thread 0x000001a69fa590c0 7946       1       org.apache.tomcat.util.descriptor.web.FilterMap::getMatchAllUrlPatterns (5 bytes)
Event: 410.682 Thread 0x000001a69fa590c0 nmethod 7946 0x000001a695baec90 code [0x000001a695baee20, 0x000001a695baeef8]
Event: 410.682 Thread 0x000001a69fa590c0 7949       1       org.springframework.web.servlet.mvc.condition.AbstractMediaTypeExpression::hashCode (8 bytes)
Event: 410.686 Thread 0x000001a69fa590c0 nmethod 7949 0x000001a695bae910 code [0x000001a695baeaa0, 0x000001a695baeb88]
Event: 410.686 Thread 0x000001a69fa590c0 7950       1       io.micrometer.core.instrument.util.TimeUtils::convert (94 bytes)
Event: 410.691 Thread 0x000001a69fa590c0 nmethod 7950 0x000001a695bae290 code [0x000001a695bae4a0, 0x000001a695bae788]
Event: 410.691 Thread 0x000001a69fa590c0 7953   !   1       com.fasterxml.jackson.databind.ser.std.BeanSerializerBase::serializeFields (179 bytes)
Event: 410.725 Thread 0x000001a69fa590c0 nmethod 7953 0x000001a695bad890 code [0x000001a695bada80, 0x000001a695badf08]
Event: 410.725 Thread 0x000001a69fa590c0 7954   !   1       org.apache.coyote.AbstractProcessor::action (1115 bytes)

GC Heap History (20 events):
Event: 10.503 GC heap before
{Heap before GC invocations=13 (full 0):
 garbage-first heap   total 110592K, used 85598K [0x0000000085800000, 0x0000000100000000)
  region size 1024K, 46 young (47104K), 1 survivors (1024K)
 Metaspace       used 52646K, committed 53184K, reserved 1097728K
  class space    used 7482K, committed 7744K, reserved 1048576K
}
Event: 10.507 GC heap after
{Heap after GC invocations=14 (full 0):
 garbage-first heap   total 110592K, used 42351K [0x0000000085800000, 0x0000000100000000)
  region size 1024K, 4 young (4096K), 4 survivors (4096K)
 Metaspace       used 52646K, committed 53184K, reserved 1097728K
  class space    used 7482K, committed 7744K, reserved 1048576K
}
Event: 11.816 GC heap before
{Heap before GC invocations=14 (full 0):
 garbage-first heap   total 110592K, used 67951K [0x0000000085800000, 0x0000000100000000)
  region size 1024K, 30 young (30720K), 4 survivors (4096K)
 Metaspace       used 59743K, committed 60288K, reserved 1105920K
  class space    used 8655K, committed 8896K, reserved 1048576K
}
Event: 11.822 GC heap after
{Heap after GC invocations=15 (full 0):
 garbage-first heap   total 110592K, used 43082K [0x0000000085800000, 0x0000000100000000)
  region size 1024K, 1 young (1024K), 1 survivors (1024K)
 Metaspace       used 59743K, committed 60288K, reserved 1105920K
  class space    used 8655K, committed 8896K, reserved 1048576K
}
Event: 13.453 GC heap before
{Heap before GC invocations=16 (full 0):
 garbage-first heap   total 110592K, used 88138K [0x0000000085800000, 0x0000000100000000)
  region size 1024K, 45 young (46080K), 1 survivors (1024K)
 Metaspace       used 66127K, committed 66688K, reserved 1105920K
  class space    used 9745K, committed 9984K, reserved 1048576K
}
Event: 13.459 GC heap after
{Heap after GC invocations=17 (full 0):
 garbage-first heap   total 110592K, used 46404K [0x0000000085800000, 0x0000000100000000)
  region size 1024K, 5 young (5120K), 5 survivors (5120K)
 Metaspace       used 66127K, committed 66688K, reserved 1105920K
  class space    used 9745K, committed 9984K, reserved 1048576K
}
Event: 13.464 GC heap before
{Heap before GC invocations=17 (full 0):
 garbage-first heap   total 110592K, used 47428K [0x0000000085800000, 0x0000000100000000)
  region size 1024K, 6 young (6144K), 5 survivors (5120K)
 Metaspace       used 66133K, committed 66688K, reserved 1105920K
  class space    used 9745K, committed 9984K, reserved 1048576K
}
Event: 13.468 GC heap after
{Heap after GC invocations=18 (full 0):
 garbage-first heap   total 110592K, used 46064K [0x0000000085800000, 0x0000000100000000)
  region size 1024K, 1 young (1024K), 1 survivors (1024K)
 Metaspace       used 66133K, committed 66688K, reserved 1105920K
  class space    used 9745K, committed 9984K, reserved 1048576K
}
Event: 13.866 GC heap before
{Heap before GC invocations=18 (full 0):
 garbage-first heap   total 110592K, used 88048K [0x0000000085800000, 0x0000000100000000)
  region size 1024K, 42 young (43008K), 1 survivors (1024K)
 Metaspace       used 67916K, committed 68480K, reserved 1114112K
  class space    used 10128K, committed 10368K, reserved 1048576K
}
Event: 13.867 GC heap after
{Heap after GC invocations=19 (full 0):
 garbage-first heap   total 110592K, used 47212K [0x0000000085800000, 0x0000000100000000)
  region size 1024K, 2 young (2048K), 2 survivors (2048K)
 Metaspace       used 67916K, committed 68480K, reserved 1114112K
  class space    used 10128K, committed 10368K, reserved 1048576K
}
Event: 14.234 GC heap before
{Heap before GC invocations=19 (full 0):
 garbage-first heap   total 110592K, used 89196K [0x0000000085800000, 0x0000000100000000)
  region size 1024K, 43 young (44032K), 2 survivors (2048K)
 Metaspace       used 69491K, committed 70080K, reserved 1114112K
  class space    used 10392K, committed 10624K, reserved 1048576K
}
Event: 14.239 GC heap after
{Heap after GC invocations=20 (full 0):
 garbage-first heap   total 110592K, used 47899K [0x0000000085800000, 0x0000000100000000)
  region size 1024K, 3 young (3072K), 3 survivors (3072K)
 Metaspace       used 69491K, committed 70080K, reserved 1114112K
  class space    used 10392K, committed 10624K, reserved 1048576K
}
Event: 15.539 GC heap before
{Heap before GC invocations=20 (full 0):
 garbage-first heap   total 110592K, used 90907K [0x0000000085800000, 0x0000000100000000)
  region size 1024K, 45 young (46080K), 3 survivors (3072K)
 Metaspace       used 71556K, committed 72128K, reserved 1114112K
  class space    used 10660K, committed 10880K, reserved 1048576K
}
Event: 15.546 GC heap after
{Heap after GC invocations=21 (full 0):
 garbage-first heap   total 110592K, used 50312K [0x0000000085800000, 0x0000000100000000)
  region size 1024K, 5 young (5120K), 5 survivors (5120K)
 Metaspace       used 71556K, committed 72128K, reserved 1114112K
  class space    used 10660K, committed 10880K, reserved 1048576K
}
Event: 17.064 GC heap before
{Heap before GC invocations=21 (full 0):
 garbage-first heap   total 110592K, used 91272K [0x0000000085800000, 0x0000000100000000)
  region size 1024K, 45 young (46080K), 5 survivors (5120K)
 Metaspace       used 73363K, committed 74048K, reserved 1114112K
  class space    used 10923K, committed 11264K, reserved 1048576K
}
Event: 17.073 GC heap after
{Heap after GC invocations=22 (full 0):
 garbage-first heap   total 110592K, used 52914K [0x0000000085800000, 0x0000000100000000)
  region size 1024K, 5 young (5120K), 5 survivors (5120K)
 Metaspace       used 73363K, committed 74048K, reserved 1114112K
  class space    used 10923K, committed 11264K, reserved 1048576K
}
Event: 18.060 GC heap before
{Heap before GC invocations=22 (full 0):
 garbage-first heap   total 110592K, used 91826K [0x0000000085800000, 0x0000000100000000)
  region size 1024K, 43 young (44032K), 5 survivors (5120K)
 Metaspace       used 74902K, committed 75520K, reserved 1114112K
  class space    used 11193K, committed 11520K, reserved 1048576K
}
Event: 18.070 GC heap after
{Heap after GC invocations=23 (full 0):
 garbage-first heap   total 110592K, used 55119K [0x0000000085800000, 0x0000000100000000)
  region size 1024K, 5 young (5120K), 5 survivors (5120K)
 Metaspace       used 74902K, committed 75520K, reserved 1114112K
  class space    used 11193K, committed 11520K, reserved 1048576K
}
Event: 19.172 GC heap before
{Heap before GC invocations=23 (full 0):
 garbage-first heap   total 110592K, used 91983K [0x0000000085800000, 0x0000000100000000)
  region size 1024K, 41 young (41984K), 5 survivors (5120K)
 Metaspace       used 78020K, committed 78592K, reserved 1122304K
  class space    used 11647K, committed 11904K, reserved 1048576K
}
Event: 19.181 GC heap after
{Heap after GC invocations=24 (full 0):
 garbage-first heap   total 235520K, used 56745K [0x0000000085800000, 0x0000000100000000)
  region size 1024K, 5 young (5120K), 5 survivors (5120K)
 Metaspace       used 78020K, committed 78592K, reserved 1122304K
  class space    used 11647K, committed 11904K, reserved 1048576K
}

Deoptimization events (20 events):
Event: 1.946 Thread 0x000001a6a0f0cf80 DEOPT PACKING pc=0x000001a695495755 sp=0x00000070696fd0c0
Event: 1.946 Thread 0x000001a6a0f0cf80 DEOPT UNPACKING pc=0x000001a694ea6763 sp=0x00000070696fc568 mode 3
Event: 5.035 Thread 0x000001a6a0f0cf80 DEOPT PACKING pc=0x000001a695751cb5 sp=0x00000070696fd290
Event: 5.035 Thread 0x000001a6a0f0cf80 DEOPT UNPACKING pc=0x000001a694ea6763 sp=0x00000070696fc838 mode 0
Event: 5.759 Thread 0x000001a6a0f0cf80 DEOPT PACKING pc=0x000001a69581929d sp=0x00000070696fcac0
Event: 5.759 Thread 0x000001a6a0f0cf80 DEOPT UNPACKING pc=0x000001a694ea6763 sp=0x00000070696fc028 mode 3
Event: 7.010 Thread 0x000001a6a0f0cf80 DEOPT PACKING pc=0x000001a69588bb19 sp=0x00000070696f9fd0
Event: 7.010 Thread 0x000001a6a0f0cf80 DEOPT UNPACKING pc=0x000001a694ea6763 sp=0x00000070696f94b0 mode 3
Event: 7.139 Thread 0x000001a6a40c1dc0 DEOPT PACKING pc=0x000001a6954088af sp=0x0000007069cff060
Event: 7.139 Thread 0x000001a6a40c1dc0 DEOPT UNPACKING pc=0x000001a694ea6763 sp=0x0000007069cfe4c8 mode 3
Event: 7.139 Thread 0x000001a6a0f0cf80 DEOPT PACKING pc=0x000001a69549df19 sp=0x00000070696fde60
Event: 7.139 Thread 0x000001a6a0f0cf80 DEOPT UNPACKING pc=0x000001a694ea6763 sp=0x00000070696fd300 mode 3
Event: 12.547 Thread 0x000001a6a0f0cf80 DEOPT PACKING pc=0x000001a69541f3aa sp=0x00000070696fb210
Event: 12.547 Thread 0x000001a6a0f0cf80 DEOPT UNPACKING pc=0x000001a694ea6763 sp=0x00000070696fa718 mode 3
Event: 18.905 Thread 0x000001a6a0f0cf80 DEOPT PACKING pc=0x000001a6958b2a80 sp=0x00000070696fe390
Event: 18.905 Thread 0x000001a6a0f0cf80 DEOPT UNPACKING pc=0x000001a694ea6763 sp=0x00000070696fd868 mode 3
Event: 20.066 Thread 0x000001a6a0f0cf80 DEOPT PACKING pc=0x000001a695a641e4 sp=0x00000070696fcb50
Event: 20.066 Thread 0x000001a6a0f0cf80 DEOPT UNPACKING pc=0x000001a694ea6763 sp=0x00000070696fbff8 mode 0
Event: 50.711 Thread 0x000001a6a6d33330 DEOPT PACKING pc=0x000001a694fd7003 sp=0x000000706abfc950
Event: 50.712 Thread 0x000001a6a6d33330 DEOPT UNPACKING pc=0x000001a694ea6763 sp=0x000000706abfbe78 mode 3

Classes unloaded (1 events):
Event: 19.229 Thread 0x000001a69fa3bac0 Unloading class 0x0000000801674000 'jdk/internal/reflect/GeneratedSerializationConstructorAccessor3'

Classes redefined (0 events):
No events

Internal exceptions (20 events):
Event: 16.436 Thread 0x000001a6a0f0cf80 Exception <a 'java/lang/NoSuchMethodError'{0x000000008a3d72e8}: 'java.lang.Object java.lang.invoke.Invokers$Holder.linkToTargetMethod(java.lang.Object, java.lang.Object, java.lang.Object, java.lang.Object, java.lang.Object, java.lang.Object, java.lang.Object, java.lang.Object, java.lang.Object)'> (0x000000008a3d72e8) 
thrown [s\open\src\hotspot\share\interpreter\linkResolver.cpp, line 759]
Event: 17.227 Thread 0x000001a6a0f0cf80 Exception <a 'java/lang/NoSuchMethodError'{0x000000008bb52100}: 'int java.lang.invoke.DirectMethodHandle$Holder.invokeStatic(java.lang.Object, java.lang.Object, java.lang.Object, java.lang.Object, java.lang.Object)'> (0x000000008bb52100) 
thrown [s\open\src\hotspot\share\interpreter\linkResolver.cpp, line 759]
Event: 17.809 Thread 0x000001a6a0f0cf80 Exception <a 'java/lang/NoSuchMethodError'{0x000000008a725d98}: 'double java.lang.invoke.DirectMethodHandle$Holder.invokeStatic(java.lang.Object, java.lang.Object)'> (0x000000008a725d98) 
thrown [s\open\src\hotspot\share\interpreter\linkResolver.cpp, line 759]
Event: 17.996 Thread 0x000001a6a0f0cf80 Exception <a 'java/lang/NoSuchMethodError'{0x000000008a098be8}: 'java.lang.Object java.lang.invoke.DirectMethodHandle$Holder.invokeSpecial(java.lang.Object, java.lang.Object, java.lang.Object, java.lang.Object, java.lang.Object, java.lang.Object, java.lang.Object, java.lang.Object, java.lang.Object, java.lang.Object, java.lang.Object)'> (0x000000008a098be8) 
thrown [s\open\src\hotspot\share\interpreter\linkResolver.cpp, line 759]
Event: 17.996 Thread 0x000001a6a0f0cf80 Exception <a 'java/lang/NoSuchMethodError'{0x000000008a09d018}: 'java.lang.Object java.lang.invoke.Invokers$Holder.invoke_MT(java.lang.Object, java.lang.Object, java.lang.Object, java.lang.Object, java.lang.Object, java.lang.Object, java.lang.Object, java.lang.Object, java.lang.Object, java.lang.Object, java.lang.Object)'> (0x000000008a09d018) 
thrown [s\open\src\hotspot\share\interpreter\linkResolver.cpp, line 759]
Event: 18.116 Thread 0x000001a6a0509c70 Exception <a 'java/lang/NoSuchMethodError'{0x000000008d31bf08}: 'long java.lang.invoke.DirectMethodHandle$Holder.invokeStatic(java.lang.Object, java.lang.Object, java.lang.Object)'> (0x000000008d31bf08) 
thrown [s\open\src\hotspot\share\interpreter\linkResolver.cpp, line 759]
Event: 18.289 Thread 0x000001a6a0f0cf80 Exception <a 'java/net/BindException'{0x000000008bcffe18}: Address already in use: bind> (0x000000008bcffe18) 
thrown [s\open\src\hotspot\share\prims\jni.cpp, line 535]
Event: 18.289 Thread 0x000001a6a0f0cf80 Exception <a 'java/net/SocketException'{0x000000008bb00528}: Socket is not connected: shutdown> (0x000000008bb00528) 
thrown [s\open\src\hotspot\share\prims\jni.cpp, line 535]
Event: 18.679 Thread 0x000001a6a0f0cf80 Exception <a 'java/lang/IncompatibleClassChangeError'{0x000000008b8dbef8}: Found class java.lang.Object, but interface was expected> (0x000000008b8dbef8) 
thrown [s\open\src\hotspot\share\interpreter\linkResolver.cpp, line 826]
Event: 18.861 Thread 0x000001a6a0f0cf80 Exception <a 'java/lang/NoSuchMethodError'{0x000000008ab289f0}: 'void java.lang.invoke.DirectMethodHandle$Holder.invokeStatic(java.lang.Object, java.lang.Object, double)'> (0x000000008ab289f0) 
thrown [s\open\src\hotspot\share\interpreter\linkResolver.cpp, line 759]
Event: 18.874 Thread 0x000001a6a0f0cf80 Exception <a 'java/lang/NoSuchMethodError'{0x000000008ab84ef0}: 'double java.lang.invoke.DirectMethodHandle$Holder.invokeStatic(java.lang.Object, java.lang.Object, java.lang.Object)'> (0x000000008ab84ef0) 
thrown [s\open\src\hotspot\share\interpreter\linkResolver.cpp, line 759]
Event: 18.904 Thread 0x000001a6a0f0cf80 Exception <a 'java/lang/IncompatibleClassChangeError'{0x000000008aaca250}: Found class java.lang.Object, but interface was expected> (0x000000008aaca250) 
thrown [s\open\src\hotspot\share\interpreter\linkResolver.cpp, line 826]
Event: 18.916 Thread 0x000001a6a0f0cf80 Exception <a 'java/lang/NoSuchMethodError'{0x000000008aafb6b8}: 'java.lang.Object java.lang.invoke.DirectMethodHandle$Holder.newInvokeSpecial(java.lang.Object, java.lang.Object, int, java.lang.Object, java.lang.Object)'> (0x000000008aafb6b8) 
thrown [s\open\src\hotspot\share\interpreter\linkResolver.cpp, line 759]
Event: 18.969 Thread 0x000001a6a0f0cf80 Exception <a 'java/lang/NoSuchMethodError'{0x000000008a8f8e48}: 'double java.lang.invoke.DirectMethodHandle$Holder.invokeVirtual(java.lang.Object, java.lang.Object)'> (0x000000008a8f8e48) 
thrown [s\open\src\hotspot\share\interpreter\linkResolver.cpp, line 759]
Event: 19.027 Thread 0x000001a6a0f0cf80 Exception <a 'sun/nio/fs/WindowsException'{0x000000008a518198}> (0x000000008a518198) 
thrown [s\open\src\hotspot\share\prims\jni.cpp, line 516]
Event: 19.145 Thread 0x000001a6a0f0cf80 Exception <a 'java/lang/NoSuchMethodError'{0x000000008a0235d0}: 'java.lang.Object java.lang.invoke.DirectMethodHandle$Holder.invokeStatic(java.lang.Object, java.lang.Object, java.lang.Object, java.lang.Object, int, java.lang.Object, java.lang.Object)'> (0x000000008a0235d0) 
thrown [s\open\src\hotspot\share\interpreter\linkResolver.cpp, line 759]
Event: 19.998 Thread 0x000001a6a0f0cf80 Exception <a 'java/lang/NoSuchMethodError'{0x0000000090abbb48}: 'java.lang.Object java.lang.invoke.DirectMethodHandle$Holder.invokeStatic(java.lang.Object, int, int)'> (0x0000000090abbb48) 
thrown [s\open\src\hotspot\share\interpreter\linkResolver.cpp, line 759]
Event: 20.479 Thread 0x000001a6a0f0cf80 Exception <a 'java/lang/IncompatibleClassChangeError'{0x000000008ff2a280}: Found class java.lang.Object, but interface was expected> (0x000000008ff2a280) 
thrown [s\open\src\hotspot\share\interpreter\linkResolver.cpp, line 826]
Event: 33.492 Thread 0x000001a6a4c4fbc0 Exception <a 'java/lang/NoSuchMethodError'{0x000000008fcc6088}: 'java.lang.Object java.lang.invoke.DirectMethodHandle$Holder.invokeSpecial(java.lang.Object, java.lang.Object, java.lang.Object, java.lang.Object, java.lang.Object, long)'> (0x000000008fcc6088) 
thrown [s\open\src\hotspot\share\interpreter\linkResolver.cpp, line 759]
Event: 33.492 Thread 0x000001a6a4c4fbc0 Exception <a 'java/lang/NoSuchMethodError'{0x000000008fcc9ac8}: 'java.lang.Object java.lang.invoke.Invokers$Holder.linkToTargetMethod(java.lang.Object, java.lang.Object, java.lang.Object, long, java.lang.Object)'> (0x000000008fcc9ac8) 
thrown [s\open\src\hotspot\share\interpreter\linkResolver.cpp, line 759]

VM Operations (20 events):
Event: 250.790 Executing VM operation: Cleanup
Event: 250.792 Executing VM operation: Cleanup done
Event: 257.860 Executing VM operation: Cleanup
Event: 257.860 Executing VM operation: Cleanup done
Event: 260.876 Executing VM operation: Cleanup
Event: 260.878 Executing VM operation: Cleanup done
Event: 261.880 Executing VM operation: Cleanup
Event: 261.880 Executing VM operation: Cleanup done
Event: 270.953 Executing VM operation: Cleanup
Event: 270.953 Executing VM operation: Cleanup done
Event: 291.115 Executing VM operation: Cleanup
Event: 291.115 Executing VM operation: Cleanup done
Event: 351.744 Executing VM operation: Cleanup
Event: 351.748 Executing VM operation: Cleanup done
Event: 360.849 Executing VM operation: Cleanup
Event: 360.850 Executing VM operation: Cleanup done
Event: 370.963 Executing VM operation: Cleanup
Event: 370.964 Executing VM operation: Cleanup done
Event: 382.075 Executing VM operation: Cleanup
Event: 382.075 Executing VM operation: Cleanup done

Events (20 events):
Event: 33.429 loading class sun/nio/ch/SelectionKeyImpl
Event: 33.430 loading class java/nio/channels/spi/AbstractSelectionKey
Event: 33.430 loading class java/nio/channels/SelectionKey
Event: 33.430 loading class java/nio/channels/SelectionKey done
Event: 33.430 loading class java/nio/channels/spi/AbstractSelectionKey done
Event: 33.430 loading class sun/nio/ch/SelectionKeyImpl done
Event: 33.431 loading class java/lang/invoke/ConstantBootstraps
Event: 33.431 loading class java/lang/invoke/ConstantBootstraps done
Event: 33.678 loading class java/time/Instant$1
Event: 33.678 loading class java/time/Instant$1 done
Event: 50.092 Thread 0x000001a6a6d33cd0 Thread added: 0x000001a6a6d33cd0
Event: 50.095 Thread 0x000001a6a6d31180 Thread added: 0x000001a6a6d31180
Event: 50.208 Thread 0x000001a6a04e8df0 Thread added: 0x000001a6a04e8df0
Event: 65.159 Thread 0x000001a6a04e8df0 Thread exited: 0x000001a6a04e8df0
Event: 79.102 Thread 0x000001a6a04e8df0 Thread added: 0x000001a6a04e8df0
Event: 80.441 Thread 0x000001a6a4c50a30 Thread exited: 0x000001a6a4c50a30
Event: 89.106 Thread 0x000001a6a04e8df0 Thread exited: 0x000001a6a04e8df0
Event: 110.753 Thread 0x000001a6a04e8df0 Thread added: 0x000001a6a04e8df0
Event: 117.173 Thread 0x000001a6a04e8df0 Thread exited: 0x000001a6a04e8df0
Event: 319.031 Thread 0x000001a6a6d31650 Thread added: 0x000001a6a6d31650


Dynamic libraries:
0x00007ff794430000 - 0x00007ff794440000 	C:\Users\soumy\Java\jdk-17.0.4.1\bin\java.exe
0x00007ff99e900000 - 0x00007ff99eb67000 	C:\WINDOWS\SYSTEM32\ntdll.dll
0x00007ff99d5a0000 - 0x00007ff99d669000 	C:\WINDOWS\System32\KERNEL32.DLL
0x00007ff99c1e0000 - 0x00007ff99c5d4000 	C:\WINDOWS\System32\KERNELBASE.dll
0x00007ff99b620000 - 0x00007ff99b76b000 	C:\WINDOWS\System32\ucrtbase.dll
0x00007ff95c220000 - 0x00007ff95c23a000 	C:\Users\soumy\Java\jdk-17.0.4.1\bin\VCRUNTIME140.dll
0x00007ff95c240000 - 0x00007ff95c258000 	C:\Users\soumy\Java\jdk-17.0.4.1\bin\jli.dll
0x00007ff99dde0000 - 0x00007ff99de96000 	C:\WINDOWS\System32\ADVAPI32.dll
0x00007ff99d0d0000 - 0x00007ff99d179000 	C:\WINDOWS\System32\msvcrt.dll
0x00007ff99d280000 - 0x00007ff99d327000 	C:\WINDOWS\System32\sechost.dll
0x00007ff99e710000 - 0x00007ff99e828000 	C:\WINDOWS\System32\RPCRT4.dll
0x00007ff99c690000 - 0x00007ff99c855000 	C:\WINDOWS\System32\USER32.dll
0x00007ff97b0f0000 - 0x00007ff97b383000 	C:\WINDOWS\WinSxS\amd64_microsoft.windows.common-controls_6595b64144ccf1df_6.0.26100.8115_none_3e075c82e3354f9c\COMCTL32.dll
0x00007ff99b280000 - 0x00007ff99b2a7000 	C:\WINDOWS\System32\win32u.dll
0x00007ff99d520000 - 0x00007ff99d54b000 	C:\WINDOWS\System32\GDI32.dll
0x00007ff99b4f0000 - 0x00007ff99b61b000 	C:\WINDOWS\System32\gdi32full.dll
0x00007ff99c5e0000 - 0x00007ff99c683000 	C:\WINDOWS\System32\msvcp_win.dll
0x00007ff9875c0000 - 0x00007ff9875cb000 	C:\WINDOWS\SYSTEM32\VERSION.dll
0x00007ff99e230000 - 0x00007ff99e262000 	C:\WINDOWS\System32\IMM32.DLL
0x00007ff98f140000 - 0x00007ff98f14c000 	C:\Users\soumy\Java\jdk-17.0.4.1\bin\vcruntime140_1.dll
0x00007ff9364a0000 - 0x00007ff93652d000 	C:\Users\soumy\Java\jdk-17.0.4.1\bin\msvcp140.dll
0x00007ff9028b0000 - 0x00007ff903472000 	C:\Users\soumy\Java\jdk-17.0.4.1\bin\server\jvm.dll
0x00007ff99d330000 - 0x00007ff99d338000 	C:\WINDOWS\System32\PSAPI.DLL
0x00007ff9926f0000 - 0x00007ff992726000 	C:\WINDOWS\SYSTEM32\WINMM.dll
0x00007ff9928e0000 - 0x00007ff9928ea000 	C:\WINDOWS\SYSTEM32\WSOCK32.dll
0x00007ff99e830000 - 0x00007ff99e8b0000 	C:\WINDOWS\System32\WS2_32.dll
0x00007ff999f60000 - 0x00007ff999f7b000 	C:\WINDOWS\SYSTEM32\kernel.appcore.dll
0x00007ff962e30000 - 0x00007ff962e3a000 	C:\Users\soumy\Java\jdk-17.0.4.1\bin\jimage.dll
0x00007ff998590000 - 0x00007ff9987d2000 	C:\WINDOWS\SYSTEM32\DBGHELP.DLL
0x00007ff99dea0000 - 0x00007ff99e222000 	C:\WINDOWS\System32\combase.dll
0x00007ff99e620000 - 0x00007ff99e6f8000 	C:\WINDOWS\System32\OLEAUT32.dll
0x00007ff975e00000 - 0x00007ff975e3b000 	C:\WINDOWS\SYSTEM32\dbgcore.DLL
0x00007ff99b1d0000 - 0x00007ff99b275000 	C:\WINDOWS\System32\bcryptPrimitives.dll
0x00007ff95ad80000 - 0x00007ff95ada5000 	C:\Users\soumy\Java\jdk-17.0.4.1\bin\java.dll
0x00007ff9360b0000 - 0x00007ff936186000 	C:\Users\soumy\Java\jdk-17.0.4.1\bin\jsvml.dll
0x00007ff99d670000 - 0x00007ff99ddd7000 	C:\WINDOWS\System32\SHELL32.dll
0x00007ff99c070000 - 0x00007ff99c1da000 	C:\WINDOWS\System32\wintypes.dll
0x00007ff99b800000 - 0x00007ff99c068000 	C:\WINDOWS\System32\windows.storage.dll
0x00007ff99e460000 - 0x00007ff99e558000 	C:\WINDOWS\System32\SHCORE.dll
0x00007ff99ca20000 - 0x00007ff99ca86000 	C:\WINDOWS\System32\shlwapi.dll
0x00007ff99b0f0000 - 0x00007ff99b119000 	C:\WINDOWS\SYSTEM32\profapi.dll
0x00007ff95b5f0000 - 0x00007ff95b609000 	C:\Users\soumy\Java\jdk-17.0.4.1\bin\net.dll
0x00007ff9925c0000 - 0x00007ff9926ed000 	C:\WINDOWS\SYSTEM32\WINHTTP.dll
0x00007ff99a4d0000 - 0x00007ff99a53c000 	C:\WINDOWS\system32\mswsock.dll
0x00007ff958890000 - 0x00007ff9588a6000 	C:\Users\soumy\Java\jdk-17.0.4.1\bin\nio.dll
0x00007ff94bd40000 - 0x00007ff94bd58000 	C:\Users\soumy\Java\jdk-17.0.4.1\bin\zip.dll
0x00007ff962570000 - 0x00007ff962579000 	C:\Users\soumy\Java\jdk-17.0.4.1\bin\management.dll
0x00007ff962160000 - 0x00007ff96216b000 	C:\Users\soumy\Java\jdk-17.0.4.1\bin\management_ext.dll
0x00007ff9999d0000 - 0x00007ff999a02000 	C:\WINDOWS\SYSTEM32\IPHLPAPI.DLL
0x00007ff99c990000 - 0x00007ff99c99a000 	C:\WINDOWS\System32\NSI.dll
0x00007ff993fb0000 - 0x00007ff993fcd000 	C:\WINDOWS\SYSTEM32\dhcpcsvc6.DLL
0x00007ff992730000 - 0x00007ff992755000 	C:\WINDOWS\SYSTEM32\dhcpcsvc.DLL
0x00007ff999a10000 - 0x00007ff999b42000 	C:\WINDOWS\SYSTEM32\DNSAPI.dll
0x00007ff98dd00000 - 0x00007ff98dd0b000 	C:\Windows\System32\rasadhlp.dll
0x00007ff994f00000 - 0x00007ff994f86000 	C:\WINDOWS\System32\fwpuclnt.dll
0x00007ff962ba0000 - 0x00007ff962bae000 	C:\Users\soumy\Java\jdk-17.0.4.1\bin\sunmscapi.dll
0x00007ff99b370000 - 0x00007ff99b4e7000 	C:\WINDOWS\System32\CRYPT32.dll
0x00007ff99a9d0000 - 0x00007ff99aa00000 	C:\WINDOWS\SYSTEM32\ncrypt.dll
0x00007ff99a980000 - 0x00007ff99a9bf000 	C:\WINDOWS\SYSTEM32\NTASN1.dll
0x00007ff99a7b0000 - 0x00007ff99a7cb000 	C:\WINDOWS\SYSTEM32\CRYPTSP.dll
0x00007ff999ec0000 - 0x00007ff999ef9000 	C:\WINDOWS\system32\rsaenh.dll
0x00007ff99a580000 - 0x00007ff99a5b3000 	C:\WINDOWS\SYSTEM32\USERENV.dll
0x00007ff99b0c0000 - 0x00007ff99b0ea000 	C:\WINDOWS\SYSTEM32\bcrypt.dll
0x00007ff99a7d0000 - 0x00007ff99a7dc000 	C:\WINDOWS\SYSTEM32\CRYPTBASE.dll
0x00007ff9937d0000 - 0x00007ff9937e0000 	C:\Users\soumy\Java\jdk-17.0.4.1\bin\verify.dll
0x00007ff973270000 - 0x00007ff973278000 	C:\WINDOWS\system32\wshunix.dll

dbghelp: loaded successfully - version: 4.0.5 - missing functions: none
symbol engine: initialized successfully - sym options: 0x614 - pdb path: .;C:\Users\soumy\Java\jdk-17.0.4.1\bin;C:\WINDOWS\SYSTEM32;C:\WINDOWS\WinSxS\amd64_microsoft.windows.common-controls_6595b64144ccf1df_6.0.26100.8115_none_3e075c82e3354f9c;C:\Users\soumy\Java\jdk-17.0.4.1\bin\server

VM Arguments:
jvm_args: -XX:TieredStopAtLevel=1 
java_command: com.connectsphere.follow.FollowServiceApplication
java_class_path (initial): C:\Users\soumy\OneDrive\Desktop\ConnectSphere_WorkSpace\ConnectSphere-Backend\follow-service\target\classes;C:\Users\soumy\.m2\repository\ch\qos\logback\logback-classic\1.5.18\logback-classic-1.5.18.jar;C:\Users\soumy\.m2\repository\ch\qos\logback\logback-core\1.5.18\logback-core-1.5.18.jar;C:\Users\soumy\.m2\repository\org\apache\logging\log4j\log4j-to-slf4j\2.24.3\log4j-to-slf4j-2.24.3.jar;C:\Users\soumy\.m2\repository\org\apache\logging\log4j\log4j-api\2.24.3\log4j-api-2.24.3.jar;C:\Users\soumy\.m2\repository\org\slf4j\jul-to-slf4j\2.0.17\jul-to-slf4j-2.0.17.jar;C:\Users\soumy\.m2\repository\jakarta\annotation\jakarta.annotation-api\2.1.1\jakarta.annotation-api-2.1.1.jar;C:\Users\soumy\.m2\repository\org\yaml\snakeyaml\2.3\snakeyaml-2.3.jar;C:\Users\soumy\.m2\repository\com\fasterxml\jackson\core\jackson-databind\2.18.3\jackson-databind-2.18.3.jar;C:\Users\soumy\.m2\repository\com\fasterxml\jackson\datatype\jackson-datatype-jdk8\2.18.3\jackson-datatype-jdk8-2.18.3.jar;C:\Users\soumy\.m2\repository\com\fasterxml\jackson\datatype\jackson-datatype-jsr310\2.18.3\jackson-datatype-jsr310-2.18.3.jar;C:\Users\soumy\.m2\repository\com\fasterxml\jackson\module\jackson-module-parameter-names\2.18.3\jackson-module-parameter-names-2.18.3.jar;C:\Users\soumy\.m2\repository\org\apache\tomcat\embed\tomcat-embed-core\10.1.39\tomcat-embed-core-10.1.39.jar;C:\Users\soumy\.m2\repository\org\apache\tomcat\embed\tomcat-embed-el\10.1.39\tomcat-embed-el-10.1.39.jar;C:\Users\soumy\.m2\repository\org\apache\tomcat\embed\tomcat-embed-websocket\10.1.39\tomcat-embed-websocket-10.1.39.jar;C:\Users\soumy\.m2\repository\org\springframework\spring-web\6.2.5\spring-web-6.2.5.jar;C:\Users\soumy\.m2\repository\org\springframework\spring-beans\6.2.5\spring-beans-6.2.5.jar;C:\Users\soumy\.m2\repository\org\springframework\spring-webmvc\6.2.5\spring-webmvc-6.2.5.jar;C:\Users\soumy\.m2\repository\org\springframework\spring-aop\6.2.5\spring-aop-6.2.5.jar;C:\Users\soumy\.m2\re
Launcher Type: SUN_STANDARD

[Global flags]
     intx CICompilerCount                          = 4                                         {product} {ergonomic}
     uint ConcGCThreads                            = 2                                         {product} {ergonomic}
     uint G1ConcRefinementThreads                  = 8                                         {product} {ergonomic}
   size_t G1HeapRegionSize                         = 1048576                                   {product} {ergonomic}
    uintx GCDrainStackTargetSize                   = 64                                        {product} {ergonomic}
   size_t InitialHeapSize                          = 130023424                                 {product} {ergonomic}
   size_t MarkStackSize                            = 4194304                                   {product} {ergonomic}
   size_t MaxHeapSize                              = 2055208960                                {product} {ergonomic}
   size_t MaxNewSize                               = 1233125376                                {product} {ergonomic}
   size_t MinHeapDeltaBytes                        = 1048576                                   {product} {ergonomic}
   size_t MinHeapSize                              = 8388608                                   {product} {ergonomic}
    uintx NonProfiledCodeHeapSize                  = 0                                      {pd product} {ergonomic}
     bool ProfileInterpreter                       = false                                  {pd product} {command line}
    uintx ProfiledCodeHeapSize                     = 0                                      {pd product} {ergonomic}
   size_t SoftMaxHeapSize                          = 2055208960                             {manageable} {ergonomic}
     intx TieredStopAtLevel                        = 1                                         {product} {command line}
     bool UseCompressedClassPointers               = true                           {product lp64_product} {ergonomic}
     bool UseCompressedOops                        = true                           {product lp64_product} {ergonomic}
     bool UseG1GC                                  = true                                      {product} {ergonomic}
     bool UseLargePagesIndividualAllocation        = false                                  {pd product} {ergonomic}

Logging:
Log output configuration:
 #0: stdout all=warning uptime,level,tags
 #1: stderr all=off uptime,level,tags

Environment Variables:
JAVA_HOME=C:\Users\soumy\Java\jdk-17.0.4.1
PATH=C:\Python314\Scripts\;C:\Python314\;C:\Program Files\Common Files\Oracle\Java\javapath;C:\Program Files (x86)\Common Files\Oracle\Java\java8path;C:\Program Files (x86)\Common Files\Oracle\Java\javapath;C:\ProgramData\Oracle\Java\javapath;C:\WINDOWS\system32;C:\WINDOWS;C:\WINDOWS\System32\Wbem;C:\WINDOWS\System32\WindowsPowerShell\v1.0\;C:\WINDOWS\System32\OpenSSH\;C:\Program Files\Java\jdk-19\bin;C:\MinGW\bin;C:\Users\soumy\Java\jdk-17.0.4.1\bin;C:\Users\HP\Downloads\python-3.12.3-amd64.exe;C:\Program Files\nodejs\;C:\ProgramData\chocolatey\bin;C:\Users\soumy\apache-maven\apache-maven-3.9.14\bin;;C:\Program Files\Docker\Docker\resources\bin;C:\Users\soumy\AppData\Local\Programs\Eclipse Adoptium\jdk-25.0.1.8-hotspot\bin;C:\Users\soumy\AppData\Local\Microsoft\WindowsApps;C:\Users\soumy\AppData\Local\Programs\Microsoft VS Code\bin;C:\Users\soumy\AppData\Local\GitHubDesktop\bin;C:\Users\soumy\AppData\Local\Programs\Git\cmd;C:\Users\soumy\AppData\Roaming\npm;C:\Users\soumy\AppData\Local\Programs\Antigravity\bin
USERNAME=soumy
LANG=en_US.UTF-8
OS=Windows_NT
PROCESSOR_IDENTIFIER=Intel64 Family 6 Model 140 Stepping 1, GenuineIntel



---------------  S Y S T E M  ---------------

OS:
 Windows 11 , 64 bit Build 26100 (10.0.26100.8246)
OS uptime: 6 days 23:18 hours
Hyper-V role detected

CPU: total 8 (initial active 8) (4 cores per cpu, 2 threads per core) family 6 model 140 stepping 1 microcode 0xb4, cx8, cmov, fxsr, ht, mmx, 3dnowpref, sse, sse2, sse3, ssse3, sse4.1, sse4.2, popcnt, lzcnt, tsc, tscinvbit, avx, avx2, aes, erms, clmul, bmi1, bmi2, adx, avx512f, avx512dq, avx512cd, avx512bw, avx512vl, sha, fma, vzeroupper, avx512_vpopcntdq, avx512_vpclmulqdq, avx512_vaes, avx512_vnni, clflush, clflushopt, clwb, avx512_vbmi2, avx512_vbmi, hv

Memory: 4k page, system-wide physical 7835M (559M free)
TotalPageFile size 31387M (AvailPageFile size 0M)
current process WorkingSet (physical memory assigned to process): 46M, peak: 299M
current process commit charge ("private bytes"): 417M, peak: 446M

vm_info: Java HotSpot(TM) 64-Bit Server VM (17.0.4.1+1-LTS-2) for windows-amd64 JRE (17.0.4.1+1-LTS-2), built on Aug 16 2022 18:32:06 by "mach5one" with MS VC++ 16.8 / 16.9 (VS2019)

END.
